Archive member included to satisfy reference by file (symbol)

/home/build/bsp/optee_os/out/arm-plat-k3/export-ta_arm64/lib/libutils.a(trace.o)
                              ./test_performance_ta.o (trace_printf)
/home/build/bsp/optee_os/out/arm-plat-k3/export-ta_arm64/lib/libutils.a(stack_check.o)
                              /home/build/bsp/optee_os/out/arm-plat-k3/export-ta_arm64/lib/libutils.a(trace.o) (__stack_chk_fail)
/home/build/bsp/optee_os/out/arm-plat-k3/export-ta_arm64/lib/libutils.a(memcpy.o)
                              /home/build/bsp/optee_os/out/arm-plat-k3/export-ta_arm64/lib/libutils.a(trace.o) (memcpy)
/home/build/bsp/optee_os/out/arm-plat-k3/export-ta_arm64/lib/libutils.a(snprintk.o)
                              /home/build/bsp/optee_os/out/arm-plat-k3/export-ta_arm64/lib/libutils.a(trace.o) (vsnprintk)
/home/build/bsp/optee_os/out/arm-plat-k3/export-ta_arm64/lib/libutils.a(memchr.o)
                              /home/build/bsp/optee_os/out/arm-plat-k3/export-ta_arm64/lib/libutils.a(snprintk.o) (memchr)
/home/build/bsp/optee_os/out/arm-plat-k3/export-ta_arm64/lib/libutils.a(strlen.o)
                              /home/build/bsp/optee_os/out/arm-plat-k3/export-ta_arm64/lib/libutils.a(snprintk.o) (strlen)
/home/build/bsp/optee_os/out/arm-plat-k3/export-ta_arm64/lib/libutee.a(trace_ext.o)
                              /home/build/bsp/optee_os/out/arm-plat-k3/export-ta_arm64/lib/libutils.a(trace.o) (trace_ext_puts)
/home/build/bsp/optee_os/out/arm-plat-k3/export-ta_arm64/lib/libutee.a(user_ta_entry.o)
                              ./user_ta_header.o (__utee_entry)
/home/build/bsp/optee_os/out/arm-plat-k3/export-ta_arm64/lib/libutee.a(user_ta_entry_compat.o)
                              ./user_ta_header.o (__ta_open_sess)
/home/build/bsp/optee_os/out/arm-plat-k3/export-ta_arm64/lib/libutee.a(utee_syscalls_a64.o)
                              /home/build/bsp/optee_os/out/arm-plat-k3/export-ta_arm64/lib/libutils.a(stack_check.o) (_utee_panic)
/home/build/bsp/optee_os/out/arm-plat-k3/export-ta_arm64/lib/libutee.a(abort.o)
                              /home/build/bsp/optee_os/out/arm-plat-k3/export-ta_arm64/lib/libutee.a(user_ta_entry.o) (abort)
/home/build/bsp/optee_os/out/arm-plat-k3/export-ta_arm64/lib/libutee.a(tee_api.o)
                              /home/build/bsp/optee_os/out/arm-plat-k3/export-ta_arm64/lib/libutee.a(user_ta_entry.o) (TEE_Malloc)
/home/build/bsp/optee_os/out/arm-plat-k3/export-ta_arm64/lib/libutee.a(tee_api_arith_mpi.o)
                              /home/build/bsp/optee_os/out/arm-plat-k3/export-ta_arm64/lib/libutee.a(user_ta_entry.o) (_TEE_MathAPI_Init)
/home/build/bsp/optee_os/out/arm-plat-k3/export-ta_arm64/lib/libutee.a(tee_api_panic.o)
                              /home/build/bsp/optee_os/out/arm-plat-k3/export-ta_arm64/lib/libutee.a(tee_api.o) (TEE_Panic)
/home/build/bsp/optee_os/out/arm-plat-k3/export-ta_arm64/lib/libutee.a(tee_api_property.o)
                              /home/build/bsp/optee_os/out/arm-plat-k3/export-ta_arm64/lib/libutee.a(user_ta_entry.o) (TEE_GetPropertyAsU32)
/home/build/bsp/optee_os/out/arm-plat-k3/export-ta_arm64/lib/libutee.a(tee_system_pta.o)
                              /home/build/bsp/optee_os/out/arm-plat-k3/export-ta_arm64/lib/libutee.a(tee_api.o) (tee_map_zi)
/home/build/bsp/optee_os/out/arm-plat-k3/export-ta_arm64/lib/libutee.a(tcb.o)
                              /home/build/bsp/optee_os/out/arm-plat-k3/export-ta_arm64/lib/libutee.a(user_ta_entry.o) (__utee_tcb_init)
/home/build/bsp/optee_os/out/arm-plat-k3/export-ta_arm64/lib/libutee.a(assert.o)
                              /home/build/bsp/optee_os/out/arm-plat-k3/export-ta_arm64/lib/libutee.a(tcb.o) (_assert_log)
/home/build/bsp/optee_os/out/arm-plat-k3/export-ta_arm64/lib/libutee.a(base64.o)
                              /home/build/bsp/optee_os/out/arm-plat-k3/export-ta_arm64/lib/libutee.a(tee_api_property.o) (_base64_enc_len)
/home/build/bsp/optee_os/out/arm-plat-k3/export-ta_arm64/lib/libmbedtls.a(bignum.o)
                              /home/build/bsp/optee_os/out/arm-plat-k3/export-ta_arm64/lib/libutee.a(tee_api_arith_mpi.o) (mbedtls_mpi_init_mempool)
/home/build/bsp/optee_os/out/arm-plat-k3/export-ta_arm64/lib/libmbedtls.a(bignum_core.o)
                              /home/build/bsp/optee_os/out/arm-plat-k3/export-ta_arm64/lib/libmbedtls.a(bignum.o) (mbedtls_mpi_core_bitlen)
/home/build/bsp/optee_os/out/arm-plat-k3/export-ta_arm64/lib/libmbedtls.a(constant_time.o)
                              /home/build/bsp/optee_os/out/arm-plat-k3/export-ta_arm64/lib/libmbedtls.a(bignum_core.o) (mbedtls_ct_mpi_uint_mask)
/home/build/bsp/optee_os/out/arm-plat-k3/export-ta_arm64/lib/libmbedtls.a(platform_util.o)
                              /home/build/bsp/optee_os/out/arm-plat-k3/export-ta_arm64/lib/libmbedtls.a(bignum.o) (mbedtls_platform_zeroize)
/home/build/bsp/optee_os/out/arm-plat-k3/export-ta_arm64/lib/libutils.a(bget_malloc.o)
[...]
Memory Configuration

Name             Origin             Length             Attributes
*default*        0x0000000000000000 0xffffffffffffffff

Linker script and memory map


.text           0x0000000000000000     0xd168
                0x0000000000000000                __text_start = .
 *(SORT_BY_ALIGNMENT(.text) SORT_BY_ALIGNMENT(.text.*))
 .text          0x0000000000000000       0xec /home/build/bsp/optee_os/out/arm-plat-k3/export-ta_arm64/lib/libutils.a(memcpy.o)
                0x0000000000000000                memcpy
 .text          0x00000000000000ec      0x260 ./test_performance_ta.o
                0x00000000000000ec                TA_CreateEntryPoint
                0x0000000000000120                TA_DestroyEntryPoint
                0x0000000000000144                __GP11_TA_OpenSessionEntryPoint
                0x00000000000001b4                TA_CloseSessionEntryPoint
                0x00000000000001d8                __GP11_TA_InvokeCommandEntryPoint
 .text          0x000000000000034c       0x34 ./user_ta_header.o
                0x000000000000034c                __ta_entry
                0x0000000000000360                tahead_get_trace_level
                0x0000000000000368                TA_OpenSessionEntryPoint
                0x0000000000000374                TA_InvokeCommandEntryPoint
 .text          0x0000000000000380      0x330 /home/build/bsp/optee_os/out/arm-plat-k3/export-ta_arm64/lib/libutils.a(trace.o)
                0x0000000000000380                trace_set_level
                0x000000000000039c                trace_get_level
                0x00000000000003ac                trace_vprintf
                0x00000000000005c8                trace_printf
                0x00000000000006ac                dhex_dump
 .text          0x00000000000006b0       0x30 /home/build/bsp/optee_os/out/arm-plat-k3/export-ta_arm64/lib/libutils.a(stack_check.o)
                0x00000000000006b0                __stack_chk_fail
 .text          0x00000000000006e0      0xdfc /home/build/bsp/optee_os/out/arm-plat-k3/export-ta_arm64/lib/libutils.a(snprintk.o)
                0x00000000000006e0                __vsnprintf
                0x00000000000007a4                vsnprintk
                0x00000000000007fc                snprintk
                0x0000000000001490                __vsprintf
 .text          0x00000000000014dc       0x2c /home/build/bsp/optee_os/out/arm-plat-k3/export-ta_arm64/lib/libutils.a(memchr.o)
                0x00000000000014dc                memchr
 .text          0x0000000000001508       0x1c /home/build/bsp/optee_os/out/arm-plat-k3/export-ta_arm64/lib/libutils.a(strlen.o)
                0x0000000000001508                strlen
 .text          0x0000000000001524      0x1e0 /home/build/bsp/optee_os/out/arm-plat-k3/export-ta_arm64/lib/libutee.a(trace_ext.o)
                0x0000000000001524                trace_ext_puts
                0x000000000000154c                trace_ext_get_thread_id
                0x0000000000001554                printf
                0x0000000000001654                puts
                0x0000000000001694                putchar
 .text          0x0000000000001704      0x740 /home/build/bsp/optee_os/out/arm-plat-k3/export-ta_arm64/lib/libutee.a(user_ta_entry.o)
                0x00000000000019cc                __utee_call_elf_init_fn
                0x0000000000001b18                __utee_call_elf_fini_fn
                0x0000000000001bbc                __utee_entry
 .text          0x0000000000001e44      0x214 /home/build/bsp/optee_os/out/arm-plat-k3/export-ta_arm64/lib/libutee.a(user_ta_entry_compat.o)
                0x0000000000001f0c                __ta_open_sess
                0x0000000000001fa8                __ta_invoke_cmd
 .text._utee_panic
                0x0000000000002058        0xc /home/build/bsp/optee_os/out/arm-plat-k3/export-ta_arm64/lib/libutee.a(utee_syscalls_a64.o)
                0x0000000000002058                _utee_panic
 .text._utee_return
                0x0000000000002064        0xc /home/build/bsp/optee_os/out/arm-plat-k3/export-ta_arm64/lib/libutee.a(utee_syscalls_a64.o)
                0x0000000000002064                _utee_return
 .text._utee_log
                0x0000000000002070        0xc /home/build/bsp/optee_os/out/arm-plat-k3/export-ta_arm64/lib/libutee.a(utee_syscalls_a64.o)
                0x0000000000002070                _utee_log
 .text.__utee_panic
                0x000000000000207c        0xc /home/build/bsp/optee_os/out/arm-plat-k3/export-ta_arm64/lib/libutee.a(utee_syscalls_a64.o)
                0x000000000000207c                __utee_panic
 .text._utee_get_property
                0x0000000000002088        0xc /home/build/bsp/optee_os/out/arm-plat-k3/export-ta_arm64/lib/libutee.a(utee_syscalls_a64.o)
                0x0000000000002088                _utee_get_property
 .text._utee_get_property_name_to_index
                0x0000000000002094        0xc /home/build/bsp/optee_os/out/arm-plat-k3/export-ta_arm64/lib/libutee.a(utee_syscalls_a64.o)
                0x0000000000002094                _utee_get_property_name_to_index
 .text._utee_open_ta_session
                0x00000000000020a0        0xc /home/build/bsp/optee_os/out/arm-plat-k3/export-ta_arm64/lib/libutee.a(utee_syscalls_a64.o)
                0x00000000000020a0                _utee_open_ta_session
 .text._utee_close_ta_session
                0x00000000000020ac        0xc /home/build/bsp/optee_os/out/arm-plat-k3/export-ta_arm64/lib/libutee.a(utee_syscalls_a64.o)
                0x00000000000020ac                _utee_close_ta_session
 .text._utee_invoke_ta_command
                0x00000000000020b8        0xc /home/build/bsp/optee_os/out/arm-plat-k3/export-ta_arm64/lib/libutee.a(utee_syscalls_a64.o)
                0x00000000000020b8                _utee_invoke_ta_command
 .text._utee_get_cancellation_flag
                0x00000000000020c4        0xc /home/build/bsp/optee_os/out/arm-plat-k3/export-ta_arm64/lib/libutee.a(utee_syscalls_a64.o)
                0x00000000000020c4                _utee_get_cancellation_flag
 .text._utee_check_access_rights
                0x00000000000020d0        0xc /home/build/bsp/optee_os/out/arm-plat-k3/export-ta_arm64/lib/libutee.a(utee_syscalls_a64.o)
                0x00000000000020d0                _utee_check_access_rights
 .text._utee_unmask_cancellation
                0x00000000000020dc        0xc /home/build/bsp/optee_os/out/arm-plat-k3/export-ta_arm64/lib/libutee.a(utee_syscalls_a64.o)
                0x00000000000020dc                _utee_unmask_cancellation
 .text._utee_mask_cancellation
                0x00000000000020e8        0xc /home/build/bsp/optee_os/out/arm-plat-k3/export-ta_arm64/lib/libutee.a(utee_syscalls_a64.o)
                0x00000000000020e8                _utee_mask_cancellation
 .text._utee_wait
                0x00000000000020f4        0xc /home/build/bsp/optee_os/out/arm-plat-k3/export-ta_arm64/lib/libutee.a(utee_syscalls_a64.o)
                0x00000000000020f4                _utee_wait
 .text._utee_get_time
                0x0000000000002100        0xc /home/build/bsp/optee_os/out/arm-plat-k3/export-ta_arm64/lib/libutee.a(utee_syscalls_a64.o)
                0x0000000000002100                _utee_get_time
 .text._utee_set_ta_time
                0x000000000000210c        0xc /home/build/bsp/optee_os/out/arm-plat-k3/export-ta_arm64/lib/libutee.a(utee_syscalls_a64.o)
                0x000000000000210c                _utee_set_ta_time
 .text._utee_cryp_state_alloc
                0x0000000000002118        0xc /home/build/bsp/optee_os/out/arm-plat-k3/export-ta_arm64/lib/libutee.a(utee_syscalls_a64.o)
                0x0000000000002118                _utee_cryp_state_alloc
 .text._utee_cryp_state_copy
                0x0000000000002124        0xc /home/build/bsp/optee_os/out/arm-plat-k3/export-ta_arm64/lib/libutee.a(utee_syscalls_a64.o)
                0x0000000000002124                _utee_cryp_state_copy
 .text._utee_cryp_state_free
                0x0000000000002130        0xc /home/build/bsp/optee_os/out/arm-plat-k3/export-ta_arm64/lib/libutee.a(utee_syscalls_a64.o)
                0x0000000000002130                _utee_cryp_state_free
 .text._utee_hash_init
                0x000000000000213c        0xc /home/build/bsp/optee_os/out/arm-plat-k3/export-ta_arm64/lib/libutee.a(utee_syscalls_a64.o)
                0x000000000000213c                _utee_hash_init
 .text._utee_hash_update
                0x0000000000002148        0xc /home/build/bsp/optee_os/out/arm-plat-k3/export-ta_arm64/lib/libutee.a(utee_syscalls_a64.o)
                0x0000000000002148                _utee_hash_update
 .text._utee_hash_final
                0x0000000000002154        0xc /home/build/bsp/optee_os/out/arm-plat-k3/export-ta_arm64/lib/libutee.a(utee_syscalls_a64.o)
                0x0000000000002154                _utee_hash_final
 .text._utee_cipher_init
                0x0000000000002160        0xc /home/build/bsp/optee_os/out/arm-plat-k3/export-ta_arm64/lib/libutee.a(utee_syscalls_a64.o)
                0x0000000000002160                _utee_cipher_init
 .text._utee_cipher_update
                0x000000000000216c        0xc /home/build/bsp/optee_os/out/arm-plat-k3/export-ta_arm64/lib/libutee.a(utee_syscalls_a64.o)
                0x000000000000216c                _utee_cipher_update
 .text._utee_cipher_final
                0x0000000000002178        0xc /home/build/bsp/optee_os/out/arm-plat-k3/export-ta_arm64/lib/libutee.a(utee_syscalls_a64.o)
                0x0000000000002178                _utee_cipher_final
 .text._utee_cryp_obj_get_info
                0x0000000000002184        0xc /home/build/bsp/optee_os/out/arm-plat-k3/export-ta_arm64/lib/libutee.a(utee_syscalls_a64.o)
                0x0000000000002184                _utee_cryp_obj_get_info
 .text._utee_cryp_obj_restrict_usage
                0x0000000000002190        0xc /home/build/bsp/optee_os/out/arm-plat-k3/export-ta_arm64/lib/libutee.a(utee_syscalls_a64.o)
                0x0000000000002190                _utee_cryp_obj_restrict_usage
 .text._utee_cryp_obj_get_attr
                0x000000000000219c        0xc /home/build/bsp/optee_os/out/arm-plat-k3/export-ta_arm64/lib/libutee.a(utee_syscalls_a64.o)
                0x000000000000219c                _utee_cryp_obj_get_attr
 .text._utee_cryp_obj_alloc
                0x00000000000021a8        0xc /home/build/bsp/optee_os/out/arm-plat-k3/export-ta_arm64/lib/libutee.a(utee_syscalls_a64.o)
                0x00000000000021a8                _utee_cryp_obj_alloc
 .text._utee_cryp_obj_close
                0x00000000000021b4        0xc /home/build/bsp/optee_os/out/arm-plat-k3/export-ta_arm64/lib/libutee.a(utee_syscalls_a64.o)
                0x00000000000021b4                _utee_cryp_obj_close
 .text._utee_cryp_obj_reset
                0x00000000000021c0        0xc /home/build/bsp/optee_os/out/arm-plat-k3/export-ta_arm64/lib/libutee.a(utee_syscalls_a64.o)
                0x00000000000021c0                _utee_cryp_obj_reset
 .text._utee_cryp_obj_populate
                0x00000000000021cc        0xc /home/build/bsp/optee_os/out/arm-plat-k3/export-ta_arm64/lib/libutee.a(utee_syscalls_a64.o)
                0x00000000000021cc                _utee_cryp_obj_populate
 .text._utee_cryp_obj_copy
                0x00000000000021d8        0xc /home/build/bsp/optee_os/out/arm-plat-k3/export-ta_arm64/lib/libutee.a(utee_syscalls_a64.o)
                0x00000000000021d8                _utee_cryp_obj_copy
 .text._utee_cryp_derive_key
                0x00000000000021e4        0xc /home/build/bsp/optee_os/out/arm-plat-k3/export-ta_arm64/lib/libutee.a(utee_syscalls_a64.o)
                0x00000000000021e4                _utee_cryp_derive_key
 .text._utee_cryp_random_number_generate
                0x00000000000021f0        0xc /home/build/bsp/optee_os/out/arm-plat-k3/export-ta_arm64/lib/libutee.a(utee_syscalls_a64.o)
                0x00000000000021f0                _utee_cryp_random_number_generate
 .text._utee_authenc_init
                0x00000000000021fc        0xc /home/build/bsp/optee_os/out/arm-plat-k3/export-ta_arm64/lib/libutee.a(utee_syscalls_a64.o)
                0x00000000000021fc                _utee_authenc_init
 .text._utee_authenc_update_aad
                0x0000000000002208        0xc /home/build/bsp/optee_os/out/arm-plat-k3/export-ta_arm64/lib/libutee.a(utee_syscalls_a64.o)
                0x0000000000002208                _utee_authenc_update_aad
 .text._utee_authenc_update_payload
                0x0000000000002214        0xc /home/build/bsp/optee_os/out/arm-plat-k3/export-ta_arm64/lib/libutee.a(utee_syscalls_a64.o)
                0x0000000000002214                _utee_authenc_update_payload
 .text._utee_authenc_enc_final
                0x0000000000002220        0xc /home/build/bsp/optee_os/out/arm-plat-k3/export-ta_arm64/lib/libutee.a(utee_syscalls_a64.o)
                0x0000000000002220                _utee_authenc_enc_final
 .text._utee_authenc_dec_final
                0x000000000000222c        0xc /home/build/bsp/optee_os/out/arm-plat-k3/export-ta_arm64/lib/libutee.a(utee_syscalls_a64.o)
                0x000000000000222c                _utee_authenc_dec_final
 .text._utee_asymm_operate
                0x0000000000002238        0xc /home/build/bsp/optee_os/out/arm-plat-k3/export-ta_arm64/lib/libutee.a(utee_syscalls_a64.o)
                0x0000000000002238                _utee_asymm_operate
 .text._utee_asymm_verify
                0x0000000000002244        0xc /home/build/bsp/optee_os/out/arm-plat-k3/export-ta_arm64/lib/libutee.a(utee_syscalls_a64.o)
                0x0000000000002244                _utee_asymm_verify
 .text._utee_storage_obj_open
                0x0000000000002250        0xc /home/build/bsp/optee_os/out/arm-plat-k3/export-ta_arm64/lib/libutee.a(utee_syscalls_a64.o)
                0x0000000000002250                _utee_storage_obj_open
 .text._utee_storage_obj_create
                0x000000000000225c        0xc /home/build/bsp/optee_os/out/arm-plat-k3/export-ta_arm64/lib/libutee.a(utee_syscalls_a64.o)
                0x000000000000225c                _utee_storage_obj_create
 .text._utee_storage_obj_del
                0x0000000000002268        0xc /home/build/bsp/optee_os/out/arm-plat-k3/export-ta_arm64/lib/libutee.a(utee_syscalls_a64.o)
                0x0000000000002268                _utee_storage_obj_del
 .text._utee_storage_obj_rename
                0x0000000000002274        0xc /home/build/bsp/optee_os/out/arm-plat-k3/export-ta_arm64/lib/libutee.a(utee_syscalls_a64.o)
                0x0000000000002274                _utee_storage_obj_rename
 .text._utee_storage_alloc_enum
                0x0000000000002280        0xc /home/build/bsp/optee_os/out/arm-plat-k3/export-ta_arm64/lib/libutee.a(utee_syscalls_a64.o)
                0x0000000000002280                _utee_storage_alloc_enum
 .text._utee_storage_free_enum
                0x000000000000228c        0xc /home/build/bsp/optee_os/out/arm-plat-k3/export-ta_arm64/lib/libutee.a(utee_syscalls_a64.o)
                0x000000000000228c                _utee_storage_free_enum
 .text._utee_storage_reset_enum
                0x0000000000002298        0xc /home/build/bsp/optee_os/out/arm-plat-k3/export-ta_arm64/lib/libutee.a(utee_syscalls_a64.o)
                0x0000000000002298                _utee_storage_reset_enum
 .text._utee_storage_start_enum
                0x00000000000022a4        0xc /home/build/bsp/optee_os/out/arm-plat-k3/export-ta_arm64/lib/libutee.a(utee_syscalls_a64.o)
                0x00000000000022a4                _utee_storage_start_enum
 .text._utee_storage_next_enum
                0x00000000000022b0        0xc /home/build/bsp/optee_os/out/arm-plat-k3/export-ta_arm64/lib/libutee.a(utee_syscalls_a64.o)
                0x00000000000022b0                _utee_storage_next_enum
 .text._utee_storage_obj_read
                0x00000000000022bc        0xc /home/build/bsp/optee_os/out/arm-plat-k3/export-ta_arm64/lib/libutee.a(utee_syscalls_a64.o)
                0x00000000000022bc                _utee_storage_obj_read
 .text._utee_storage_obj_write
                0x00000000000022c8        0xc /home/build/bsp/optee_os/out/arm-plat-k3/export-ta_arm64/lib/libutee.a(utee_syscalls_a64.o)
                0x00000000000022c8                _utee_storage_obj_write
 .text._utee_storage_obj_trunc
                0x00000000000022d4        0xc /home/build/bsp/optee_os/out/arm-plat-k3/export-ta_arm64/lib/libutee.a(utee_syscalls_a64.o)
                0x00000000000022d4                _utee_storage_obj_trunc
 .text._utee_storage_obj_seek
                0x00000000000022e0        0xc /home/build/bsp/optee_os/out/arm-plat-k3/export-ta_arm64/lib/libutee.a(utee_syscalls_a64.o)
                0x00000000000022e0                _utee_storage_obj_seek
 .text._utee_cryp_obj_generate_key
                0x00000000000022ec        0xc /home/build/bsp/optee_os/out/arm-plat-k3/export-ta_arm64/lib/libutee.a(utee_syscalls_a64.o)
                0x00000000000022ec                _utee_cryp_obj_generate_key
 .text._utee_cache_operation
                0x00000000000022f8        0xc /home/build/bsp/optee_os/out/arm-plat-k3/export-ta_arm64/lib/libutee.a(utee_syscalls_a64.o)
                0x00000000000022f8                _utee_cache_operation
 .text.unlikely
                0x0000000000002304       0x20 /home/build/bsp/optee_os/out/arm-plat-k3/export-ta_arm64/lib/libutee.a(abort.o)
                0x0000000000002304                abort
 .text          0x0000000000002324     0x10dc /home/build/bsp/optee_os/out/arm-plat-k3/export-ta_arm64/lib/libutee.a(tee_api.o)
                0x00000000000026d0                TEE_CloseTASession
                0x00000000000026f8                TEE_GetCancellationFlag
                0x0000000000002758                TEE_UnmaskCancellation
                0x00000000000027b8                TEE_MaskCancellation
                0x0000000000002818                TEE_CheckMemoryAccessRights
                0x0000000000002a3c                TEE_OpenTASession
                0x0000000000002b90                __GP11_TEE_OpenTASession
                0x0000000000002cd8                TEE_InvokeTACommand
                0x0000000000002e5c                __GP11_TEE_InvokeTACommand
                0x0000000000002fd4                __GP11_TEE_CheckMemoryAccessRights
                0x0000000000002fdc                TEE_SetInstanceData
                0x0000000000002fe8                TEE_GetInstanceData
                0x0000000000002ff4                TEE_MemMove
                0x0000000000002ff8                __GP11_TEE_MemMove
                0x0000000000003000                TEE_MemCompare
                0x0000000000003004                __GP11_TEE_MemCompare
                0x000000000000300c                TEE_MemFill
                0x0000000000003010                __GP11_TEE_MemFill
                0x0000000000003018                TEE_GetSystemTime
                0x0000000000003040                TEE_Wait
                0x000000000000307c                TEE_GetTAPersistentTime
                0x00000000000030f4                TEE_SetTAPersistentTime
                0x0000000000003138                TEE_GetREETime
                0x0000000000003160                TEE_Malloc
                0x0000000000003284                __GP11_TEE_Malloc
                0x000000000000328c                TEE_Free
                0x00000000000032ec                TEE_Realloc
                0x00000000000033e0                __GP11_TEE_Realloc
                0x00000000000033e8                TEE_CacheClean
                0x00000000000033f0                TEE_CacheFlush
                0x00000000000033f8                TEE_CacheInvalidate
 .text          0x0000000000003400     0x2168 /home/build/bsp/optee_os/out/arm-plat-k3/export-ta_arm64/lib/libutee.a(tee_api_arith_mpi.o)
                0x0000000000003c64                _TEE_MathAPI_Init
                0x0000000000003cb4                TEE_BigIntInit
                0x0000000000003d14                __GP11_TEE_BigIntInit
                0x0000000000003d1c                TEE_BigIntConvertFromOctetString
                0x0000000000003de4                __GP11_TEE_BigIntConvertFromOctetString
                0x0000000000003dec                TEE_BigIntConvertToOctetString
                0x0000000000003eb4                __GP11_TEE_BigIntConvertToOctetString
                0x0000000000003f18                TEE_BigIntConvertFromS32
                0x0000000000003fcc                TEE_BigIntConvertToS32
                0x0000000000004084                TEE_BigIntCmp
                0x000000000000411c                TEE_BigIntCmpS32
                0x000000000000436c                TEE_BigIntShiftRight
                0x000000000000450c                __GP11_TEE_BigIntShiftRight
                0x0000000000004514                TEE_BigIntGetBit
                0x0000000000004598                TEE_BigIntGetBitCount
                0x0000000000004610                TEE_BigIntSetBit
                0x00000000000046c0                TEE_BigIntAssign
                0x0000000000004710                TEE_BigIntAbs
                0x000000000000473c                TEE_BigIntAdd
                0x0000000000004748                TEE_BigIntSub
                0x0000000000004754                TEE_BigIntNeg
                0x0000000000004838                TEE_BigIntMul
                0x000000000000494c                TEE_BigIntSquare
                0x0000000000004954                TEE_BigIntDiv
                0x0000000000004b08                TEE_BigIntMod
                0x0000000000004b74                TEE_BigIntAddMod
                0x0000000000004b80                TEE_BigIntSubMod
                0x0000000000004b8c                TEE_BigIntMulMod
                0x0000000000004b98                TEE_BigIntSquareMod
                0x0000000000004ba4                TEE_BigIntInvMod
                0x0000000000004cf4                TEE_BigIntRelativePrime
                0x0000000000004dfc                TEE_BigIntExpMod
                0x0000000000004fd4                TEE_BigIntComputeExtendedGcd
                0x0000000000005244                TEE_BigIntIsProbablePrime
                0x00000000000052dc                TEE_BigIntInitFMM
                0x00000000000052e0                __GP11_TEE_BigIntInitFMM
                0x00000000000052e8                TEE_BigIntInitFMMContext
                0x00000000000052ec                __GP11_TEE_BigIntInitFMMContext
                0x00000000000052f4                TEE_BigIntInitFMMContext1
                0x00000000000052fc                TEE_BigIntFMMSizeInU32
                0x000000000000530c                __GP11_TEE_BigIntFMMSizeInU32
                0x0000000000005324                TEE_BigIntFMMContextSizeInU32
                0x000000000000532c                __GP11_TEE_BigIntFMMContextSizeInU32
                0x0000000000005344                TEE_BigIntConvertToFMM
                0x0000000000005348                TEE_BigIntConvertFromFMM
                0x000000000000541c                TEE_BigIntComputeFMM
 .text          0x0000000000005568      0x1fc /home/build/bsp/optee_os/out/arm-plat-k3/export-ta_arm64/lib/libutee.a(tee_api_panic.o)
                0x0000000000005584                TEE_Panic
                0x000000000000559c                __utee_check_outbuf_annotation
                0x00000000000055e8                __utee_check_gp11_outbuf_annotation
                0x0000000000005634                __utee_check_instring_annotation
                0x0000000000005664                __utee_check_outstring_annotation
                0x00000000000056b0                __utee_check_gp11_outstring_annotation
                0x00000000000056fc                __utee_check_out_annotation
                0x000000000000571c                __utee_check_attr_in_annotation
                0x0000000000005740                __utee_check_gp11_attr_in_annotation
                0x0000000000005744                __utee_check_inout_annotation
 .text          0x0000000000005764      0xfd0 /home/build/bsp/optee_os/out/arm-plat-k3/export-ta_arm64/lib/libutee.a(tee_api_property.o)
                0x0000000000005b34                TEE_GetPropertyAsString
                0x0000000000005d98                __GP11_TEE_GetPropertyAsString
                0x0000000000005e34                TEE_GetPropertyAsBool
                0x0000000000005f0c                TEE_GetPropertyAsU32
                0x0000000000005ff4                TEE_GetPropertyAsU64
                0x00000000000060dc                __GP11_TEE_GetPropertyAsBinaryBlock
                0x00000000000061c4                TEE_GetPropertyAsBinaryBlock
                0x0000000000006260                TEE_GetPropertyAsUUID
                0x0000000000006348                TEE_GetPropertyAsIdentity
                0x0000000000006430                TEE_ResetPropertyEnumerator
                0x000000000000643c                TEE_AllocatePropertyEnumerator
                0x0000000000006484                TEE_FreePropertyEnumerator
                0x0000000000006488                TEE_StartPropertyEnumerator
                0x0000000000006498                __GP11_TEE_GetPropertyName
                0x00000000000065c8                TEE_GetPropertyName
                0x0000000000006654                TEE_GetNextProperty
 .text          0x0000000000006734      0x2bc /home/build/bsp/optee_os/out/arm-plat-k3/export-ta_arm64/lib/libutee.a(tee_system_pta.o)
                0x00000000000067b8                tee_map_zi
                0x000000000000684c                tee_unmap
                0x0000000000006908                tee_invoke_supp_plugin
 .text          0x00000000000069f0      0x34c /home/build/bsp/optee_os/out/arm-plat-k3/export-ta_arm64/lib/libutee.a(tcb.o)
                0x00000000000069f0                __utee_tcb_init
                0x0000000000006c30                __tls_get_addr
                0x0000000000006c4c                dl_iterate_phdr
 .text          0x0000000000006d3c       0x58 /home/build/bsp/optee_os/out/arm-plat-k3/export-ta_arm64/lib/libutee.a(assert.o)
                0x0000000000006d3c                _assert_log
                0x0000000000006d80                _assert_break
 .text          0x0000000000006d94      0x250 /home/build/bsp/optee_os/out/arm-plat-k3/export-ta_arm64/lib/libutee.a(base64.o)
                0x0000000000006d94                _base64_enc_len
                0x0000000000006dac                _base64_enc
                0x0000000000006ec0                _base64_dec
 .text          0x0000000000006fe4     0x369c /home/build/bsp/optee_os/out/arm-plat-k3/export-ta_arm64/lib/libmbedtls.a(bignum.o)
                0x0000000000007144                mbedtls_mpi_init
                0x0000000000007158                mbedtls_mpi_init_mempool
                0x0000000000007180                mbedtls_mpi_free
                0x00000000000071ec                mbedtls_mpi_grow
                0x0000000000007340                mbedtls_mpi_shrink
                0x0000000000007458                mbedtls_mpi_copy
                0x0000000000007524                mbedtls_mpi_swap
                0x00000000000075b0                mbedtls_mpi_lset
                0x0000000000007618                mbedtls_mpi_get_bit
                0x0000000000007644                mbedtls_mpi_set_bit
                0x00000000000076d0                mbedtls_mpi_lsb
                0x0000000000007724                mbedtls_mpi_bitlen
                0x000000000000772c                mbedtls_mpi_size
                0x0000000000007748                mbedtls_mpi_read_binary_le
                0x00000000000077a4                mbedtls_mpi_read_binary
                0x0000000000007800                mbedtls_mpi_write_binary_le
                0x0000000000007810                mbedtls_mpi_write_binary
                0x0000000000007820                mbedtls_mpi_shift_l
                0x0000000000007930                mbedtls_mpi_shift_r
                0x0000000000007960                mbedtls_mpi_cmp_abs
                0x00000000000079fc                mbedtls_mpi_cmp_mpi
                0x0000000000007acc                mbedtls_mpi_cmp_int
                0x0000000000007b44                mbedtls_mpi_add_abs
                0x0000000000007c3c                mbedtls_mpi_sub_abs
                0x0000000000007df4                mbedtls_mpi_add_mpi
                0x0000000000007dfc                mbedtls_mpi_sub_mpi
                0x0000000000007e04                mbedtls_mpi_add_int
                0x0000000000007e7c                mbedtls_mpi_sub_int
                0x0000000000007ef4                mbedtls_mpi_mul_mpi
                0x00000000000080b0                mbedtls_mpi_mul_int
                0x0000000000008164                mbedtls_mpi_read_string
                0x0000000000008370                mbedtls_mpi_div_mpi
                0x0000000000008890                mbedtls_mpi_div_int
                0x0000000000008908                mbedtls_mpi_mod_mpi
                0x00000000000089bc                mbedtls_mpi_mod_int
                0x0000000000008a58                mbedtls_mpi_write_string
                0x0000000000008d90                mbedtls_mpi_montg_init
                0x0000000000008db8                mbedtls_mpi_montmul
                0x0000000000008dc4                mbedtls_mpi_montred
                0x0000000000008dc8                mbedtls_mpi_exp_mod
                0x0000000000009460                mbedtls_mpi_gcd
                0x0000000000009638                mbedtls_mpi_fill_random
                0x0000000000009944                mbedtls_mpi_random
                0x00000000000099d8                mbedtls_mpi_inv_mod
                0x0000000000009e30                mbedtls_mpi_is_prime_ext
                0x0000000000009f14                mbedtls_mpi_gen_prime
                0x000000000000a260                mbedtls_mpi_self_test
 .text          0x000000000000a680      0xe70 /home/build/bsp/optee_os/out/arm-plat-k3/export-ta_arm64/lib/libmbedtls.a(bignum_core.o)
                0x000000000000a680                mbedtls_mpi_core_clz
                0x000000000000a6a8                mbedtls_mpi_core_bitlen
                0x000000000000a6fc                mbedtls_mpi_core_bigendian_to_host
                0x000000000000a730                mbedtls_mpi_core_uint_le_mpi
                0x000000000000a794                mbedtls_mpi_core_cond_assign
                0x000000000000a7b8                mbedtls_mpi_core_cond_swap
                0x000000000000a834                mbedtls_mpi_core_read_le
                0x000000000000a8c0                mbedtls_mpi_core_read_be
                0x000000000000a950                mbedtls_mpi_core_write_le
                0x000000000000a9fc                mbedtls_mpi_core_write_be
                0x000000000000aab4                mbedtls_mpi_core_shift_r
                0x000000000000ab90                mbedtls_mpi_core_add
                0x000000000000abcc                mbedtls_mpi_core_add_if
                0x000000000000ac3c                mbedtls_mpi_core_sub
                0x000000000000ac80                mbedtls_mpi_core_mla
                0x000000000000ae4c                mbedtls_mpi_core_montmul_init
                0x000000000000ae80                mbedtls_mpi_core_montmul
                0x000000000000af78                mbedtls_mpi_core_get_mont_r2_unsafe
                0x000000000000afe0                mbedtls_mpi_core_fill_random
                0x000000000000b090                mbedtls_mpi_core_random
                0x000000000000b188                mbedtls_mpi_core_exp_mod_working_limbs
                0x000000000000b1b0                mbedtls_mpi_core_exp_mod
                0x000000000000b410                mbedtls_mpi_core_sub_int
                0x000000000000b440                mbedtls_mpi_core_check_zero_ct
                0x000000000000b468                mbedtls_mpi_core_to_mont_rep
                0x000000000000b484                mbedtls_mpi_core_from_mont_rep
 .text          0x000000000000b4f0      0x774 /home/build/bsp/optee_os/out/arm-plat-k3/export-ta_arm64/lib/libmbedtls.a(constant_time.o)
                0x000000000000b510                mbedtls_ct_memcmp
                0x000000000000b544                mbedtls_ct_uint_mask
                0x000000000000b554                mbedtls_ct_mpi_uint_mask
                0x000000000000b564                mbedtls_ct_size_bool_eq
                0x000000000000b57c                mbedtls_ct_mpi_uint_lt
                0x000000000000b598                mbedtls_ct_uint_if
                0x000000000000b5c8                mbedtls_ct_mpi_uint_cond_assign
                0x000000000000b604                mbedtls_ct_base64_enc_char
                0x000000000000b6b8                mbedtls_ct_base64_dec_value
                0x000000000000b774                mbedtls_mpi_safe_cond_assign
                0x000000000000b830                mbedtls_mpi_safe_cond_swap
                0x000000000000b8e8                mbedtls_mpi_core_lt_ct
                0x000000000000b968                mbedtls_mpi_lt_mpi_ct
                0x000000000000ba60                mbedtls_ct_rsaes_pkcs1_v15_unpadding
 .text          0x000000000000bc64      0x21c /home/build/bsp/optee_os/out/arm-plat-k3/export-ta_arm64/lib/libmbedtls.a(platform_util.o)
                0x000000000000bc64                mbedtls_get_unaligned_uint16
                0x000000000000bcb8                mbedtls_put_unaligned_uint16
                0x000000000000bcd0                mbedtls_get_unaligned_uint32
                0x000000000000bd2c                mbedtls_put_unaligned_uint32
                0x000000000000bd4c                mbedtls_get_unaligned_uint64
                0x000000000000bda8                mbedtls_put_unaligned_uint64
                0x000000000000bdc8                mbedtls_xor
                0x000000000000be60                mbedtls_platform_zeroize
 .text          0x000000000000be80      0xee0 /home/build/bsp/optee_os/out/arm-plat-k3/export-ta_arm64/lib/libutils.a(bget_malloc.o)
                0x000000000000bef0                bget
                0x000000000000c1d0                bgetz
                0x000000000000c258                brel
                0x000000000000c51c                bgetr
                0x000000000000c5ec                bpool
                0x000000000000c6bc                bstats
                0x000000000000c750                malloc_reset_stats
                0x000000000000c768                raw_memalign
                0x000000000000c7ec                raw_malloc
                0x000000000000c7fc                raw_free
                0x000000000000c80c                raw_calloc
                0x000000000000c87c                raw_realloc
                0x000000000000c970                malloc
                0x000000000000c988                calloc
                0x000000000000c9a4                realloc
                0x000000000000c9bc                memalign
                0x000000000000c9d8                aligned_alloc
                0x000000000000c9f0                free
                0x000000000000ca00                free_wipe
                0x000000000000ca10                raw_malloc_get_ctx_size
                0x000000000000ca18                raw_malloc_init_ctx
                0x000000000000ca34                raw_malloc_add_pool
                0x000000000000cb08                raw_malloc_buffer_overlaps_heap
                0x000000000000cb88                raw_malloc_buffer_is_within_alloced
                0x000000000000ccd8                raw_malloc_get_stats
                0x000000000000cd14                malloc_get_stats
                0x000000000000cd24                malloc_add_pool
                0x000000000000cd38                malloc_buffer_is_within_alloced
                0x000000000000cd4c                malloc_buffer_overlaps_heap
 .text          0x000000000000cd60      0x12c /home/build/bsp/optee_os/out/arm-plat-k3/export-ta_arm64/lib/libutils.a(snprintf.o)
                0x000000000000cd60                snprintf
                0x000000000000ce34                vsnprintf
 .text          0x000000000000ce8c       0x5c /home/build/bsp/optee_os/out/arm-plat-k3/export-ta_arm64/lib/libutils.a(memmove.o)
                0x000000000000ce8c                memmove
 .text          0x000000000000cee8       0x1c /home/build/bsp/optee_os/out/arm-plat-k3/export-ta_arm64/lib/libutils.a(memset.o)
                0x000000000000cee8                memset
 .text          0x000000000000cf04       0x24 /home/build/bsp/optee_os/out/arm-plat-k3/export-ta_arm64/lib/libutils.a(strcmp.o)
                0x000000000000cf04                strcmp
 .text          0x000000000000cf28       0x38 /home/build/bsp/optee_os/out/arm-plat-k3/export-ta_arm64/lib/libutils.a(strlcpy.o)
                0x000000000000cf28                strlcpy
 .text          0x000000000000cf60      0x198 /home/build/bsp/optee_os/out/arm-plat-k3/export-ta_arm64/lib/libutils.a(mempool.o)
                0x000000000000cf60                mempool_alloc_pool
                0x000000000000d028                mempool_alloc
                0x000000000000d08c                mempool_calloc
                0x000000000000d0dc                mempool_free
 .text          0x000000000000d0f8       0x70 /home/build/bsp/optee_os/out/arm-plat-k3/export-ta_arm64/lib/libutils.a(consttime_memcmp.o)
                0x000000000000d0f8                consttime_memcmp
 .text          0x000000000000d168        0x0 /home/build/bsp/optee_os/out/arm-plat-k3/export-ta_arm64/lib/libutee.a(utee_syscalls_a64.o)
 .text          0x000000000000d168        0x0 /home/build/bsp/optee_os/out/arm-plat-k3/export-ta_arm64/lib/libutee.a(abort.o)
 *(SORT_BY_ALIGNMENT(.stub))
 *(SORT_BY_ALIGNMENT(.glue_7))
 *(SORT_BY_ALIGNMENT(.glue_7t))
 *(SORT_BY_ALIGNMENT(.gnu.linkonce.t.*))
 *(SORT_BY_ALIGNMENT(.vfp11_veneer))
                0x000000000000d168                __text_end = .

.note.gnu.property
 *(SORT_BY_ALIGNMENT(.note.gnu.property))

.plt            0x000000000000d168        0x0
 *(SORT_BY_ALIGNMENT(.plt))
 .plt           0x000000000000d168        0x0 ./test_performance_ta.o

.eh_frame_hdr
 *(SORT_BY_ALIGNMENT(.eh_frame_hdr))
 *(SORT_BY_ALIGNMENT(.eh_frame_entry) SORT_BY_ALIGNMENT(.eh_frame_entry.*))

.eh_frame       0x000000000000d168     0x2e2c
 *(SORT_BY_ALIGNMENT(.eh_frame))
 .eh_frame      0x000000000000d168       0xb8 ./test_performance_ta.o
 .eh_frame      0x000000000000d220       0x58 ./user_ta_header.o
                                         0x68 (size before relaxing)
 .eh_frame      0x000000000000d278       0xb8 /home/build/bsp/optee_os/out/arm-plat-k3/export-ta_arm64/lib/libutils.a(trace.o)
                                         0xc8 (size before relaxing)
 .eh_frame      0x000000000000d330       0x18 /home/build/bsp/optee_os/out/arm-plat-k3/export-ta_arm64/lib/libutils.a(stack_check.o)
                                         0x30 (size before relaxing)
 .eh_frame      0x000000000000d348       0x18 /home/build/bsp/optee_os/out/arm-plat-k3/export-ta_arm64/lib/libutils.a(memcpy.o)
                                         0x28 (size before relaxing)
 .eh_frame      0x000000000000d360       0xf0 /home/build/bsp/optee_os/out/arm-plat-k3/export-ta_arm64/lib/libutils.a(snprintk.o)
                                        0x100 (size before relaxing)
 .eh_frame      0x000000000000d450       0x18 /home/build/bsp/optee_os/out/arm-plat-k3/export-ta_arm64/lib/libutils.a(memchr.o)
                                         0x28 (size before relaxing)
 .eh_frame      0x000000000000d468       0x18 /home/build/bsp/optee_os/out/arm-plat-k3/export-ta_arm64/lib/libutils.a(strlen.o)
                                         0x28 (size before relaxing)
 .eh_frame      0x000000000000d480       0xa8 /home/build/bsp/optee_os/out/arm-plat-k3/export-ta_arm64/lib/libutee.a(trace_ext.o)
                                         0xc0 (size before relaxing)
 .eh_frame      0x000000000000d528      0x150 /home/build/bsp/optee_os/out/arm-plat-k3/export-ta_arm64/lib/libutee.a(user_ta_entry.o)
                                        0x160 (size before relaxing)
 .eh_frame      0x000000000000d678       0x80 /home/build/bsp/optee_os/out/arm-plat-k3/export-ta_arm64/lib/libutee.a(user_ta_entry_compat.o)
                                         0x98 (size before relaxing)
 .eh_frame      0x000000000000d6f8       0x18 /home/build/bsp/optee_os/out/arm-plat-k3/export-ta_arm64/lib/libutee.a(abort.o)
                                         0x30 (size before relaxing)
 .eh_frame      0x000000000000d710      0x590 /home/build/bsp/optee_os/out/arm-plat-k3/export-ta_arm64/lib/libutee.a(tee_api.o)
                                        0x5a8 (size before relaxing)
 .eh_frame      0x000000000000dca0      0x7d0 /home/build/bsp/optee_os/out/arm-plat-k3/export-ta_arm64/lib/libutee.a(tee_api_arith_mpi.o)
                                        0x7e0 (size before relaxing)
 .eh_frame      0x000000000000e470      0x178 /home/build/bsp/optee_os/out/arm-plat-k3/export-ta_arm64/lib/libutee.a(tee_api_panic.o)
                                        0x188 (size before relaxing)
 .eh_frame      0x000000000000e5e8      0x310 /home/build/bsp/optee_os/out/arm-plat-k3/export-ta_arm64/lib/libutee.a(tee_api_property.o)
                                        0x320 (size before relaxing)
 .eh_frame      0x000000000000e8f8       0xa8 /home/build/bsp/optee_os/out/arm-plat-k3/export-ta_arm64/lib/libutee.a(tee_system_pta.o)
                                         0xc0 (size before relaxing)
 .eh_frame      0x000000000000e9a0       0x90 /home/build/bsp/optee_os/out/arm-plat-k3/export-ta_arm64/lib/libutee.a(tcb.o)
                                         0xa0 (size before relaxing)
 .eh_frame      0x000000000000ea30       0x38 /home/build/bsp/optee_os/out/arm-plat-k3/export-ta_arm64/lib/libutee.a(assert.o)
                                         0x50 (size before relaxing)
 .eh_frame      0x000000000000ea68       0x58 /home/build/bsp/optee_os/out/arm-plat-k3/export-ta_arm64/lib/libutee.a(base64.o)
                                         0x70 (size before relaxing)
 .eh_frame      0x000000000000eac0      0x910 /home/build/bsp/optee_os/out/arm-plat-k3/export-ta_arm64/lib/libmbedtls.a(bignum.o)
                                        0x920 (size before relaxing)
 .eh_frame      0x000000000000f3d0      0x3c8 /home/build/bsp/optee_os/out/arm-plat-k3/export-ta_arm64/lib/libmbedtls.a(bignum_core.o)
                                        0x3e0 (size before relaxing)
 .eh_frame      0x000000000000f798      0x218 /home/build/bsp/optee_os/out/arm-plat-k3/export-ta_arm64/lib/libmbedtls.a(constant_time.o)
                                        0x228 (size before relaxing)
 .eh_frame      0x000000000000f9b0      0x110 /home/build/bsp/optee_os/out/arm-plat-k3/export-ta_arm64/lib/libmbedtls.a(platform_util.o)
                                        0x128 (size before relaxing)
 .eh_frame      0x000000000000fac0      0x378 /home/build/bsp/optee_os/out/arm-plat-k3/export-ta_arm64/lib/libutils.a(bget_malloc.o)
                                        0x388 (size before relaxing)
 .eh_frame      0x000000000000fe38       0x58 /home/build/bsp/optee_os/out/arm-plat-k3/export-ta_arm64/lib/libutils.a(snprintf.o)
                                         0x68 (size before relaxing)
 .eh_frame      0x000000000000fe90       0x18 /home/build/bsp/optee_os/out/arm-plat-k3/export-ta_arm64/lib/libutils.a(memmove.o)
                                         0x28 (size before relaxing)
 .eh_frame      0x000000000000fea8       0x18 /home/build/bsp/optee_os/out/arm-plat-k3/export-ta_arm64/lib/libutils.a(memset.o)
                                         0x28 (size before relaxing)
 .eh_frame      0x000000000000fec0       0x18 /home/build/bsp/optee_os/out/arm-plat-k3/export-ta_arm64/lib/libutils.a(strcmp.o)
                                         0x28 (size before relaxing)
 .eh_frame      0x000000000000fed8       0x18 /home/build/bsp/optee_os/out/arm-plat-k3/export-ta_arm64/lib/libutils.a(strlcpy.o)
                                         0x28 (size before relaxing)
 .eh_frame      0x000000000000fef0       0x88 /home/build/bsp/optee_os/out/arm-plat-k3/export-ta_arm64/lib/libutils.a(mempool.o)
                                         0xa0 (size before relaxing)
 .eh_frame      0x000000000000ff78       0x1c /home/build/bsp/optee_os/out/arm-plat-k3/export-ta_arm64/lib/libutils.a(consttime_memcmp.o)
                                         0x30 (size before relaxing)
 *(SORT_BY_ALIGNMENT(.eh_frame.*))

.gcc_except_table
 *(SORT_BY_ALIGNMENT(.gcc_except_table) SORT_BY_ALIGNMENT(.gcc_except_table.*))

.rodata         0x000000000000ff98     0x13f0
 *(SORT_BY_ALIGNMENT(.gnu.linkonce.r.*))
 *(SORT_BY_ALIGNMENT(.rodata) SORT_BY_ALIGNMENT(.rodata.*))
 .rodata.user_ta_header.c
                0x000000000000ff98       0x33 ./user_ta_header.o
                0x000000000000ff98                ta_num_props
                0x000000000000ffb8                __ta_no_share_heap_size
                0x000000000000ffc0                ta_heap_size
                0x000000000000ffc8                trace_ext_prefix
 *fill*         0x000000000000ffcb        0x5 
 .rodata.lib/libutee/tee_api.c
                0x000000000000ffd0       0x20 /home/build/bsp/optee_os/out/arm-plat-k3/export-ta_arm64/lib/libutee.a(tee_api.o)
 .rodata.lib/libutils/ext/snprintk.c
                0x000000000000fff0       0xac /home/build/bsp/optee_os/out/arm-plat-k3/export-ta_arm64/lib/libutils.a(snprintk.o)
 .rodata.lib/libutee/tee_api_property.c
                0x000000000001009c       0x20 /home/build/bsp/optee_os/out/arm-plat-k3/export-ta_arm64/lib/libutee.a(tee_api_property.o)
 .rodata.lib/libutee/tee_system_pta.c
                0x00000000000100bc       0x31 /home/build/bsp/optee_os/out/arm-plat-k3/export-ta_arm64/lib/libutee.a(tee_system_pta.o)
 *fill*         0x00000000000100ed        0x3 
 .rodata.lib/libutee/base64.c
                0x00000000000100f0       0x45 /home/build/bsp/optee_os/out/arm-plat-k3/export-ta_arm64/lib/libutee.a(base64.o)
 *fill*         0x0000000000010135        0x3 
 .rodata.lib/libmbedtls/mbedtls/library/bignum.c
                0x0000000000010138      0x2c4 /home/build/bsp/optee_os/out/arm-plat-k3/export-ta_arm64/lib/libmbedtls.a(bignum.o)
 .rodata.str1.1.test_performance_ta.c
                0x00000000000103fc       0xcc ./test_performance_ta.o
 .rodata.test_performance_ta.c
                0x00000000000104c8       0x99 ./test_performance_ta.o
 .rodata.str1.1.user_ta_header.c
                0x0000000000010561      0x15f ./user_ta_header.o
 .rodata.str1.1.lib/libutils/ext/trace.c
                0x00000000000106c0       0x1a /home/build/bsp/optee_os/out/arm-plat-k3/export-ta_arm64/lib/libutils.a(trace.o)
                                         0x1b (size before relaxing)
 .rodata.lib/libutils/ext/trace.c
                0x00000000000106da        0x5 /home/build/bsp/optee_os/out/arm-plat-k3/export-ta_arm64/lib/libutils.a(trace.o)
 .rodata.str1.1.lib/libutils/isoc/stack_check.c
                0x00000000000106df       0x18 /home/build/bsp/optee_os/out/arm-plat-k3/export-ta_arm64/lib/libutils.a(stack_check.o)
 .rodata.str1.1.lib/libutils/ext/snprintk.c
                0x00000000000106f7       0x38 /home/build/bsp/optee_os/out/arm-plat-k3/export-ta_arm64/lib/libutils.a(snprintk.o)
 .rodata.str1.1.lib/libutee/trace_ext.c
                0x000000000001072f       0x38 /home/build/bsp/optee_os/out/arm-plat-k3/export-ta_arm64/lib/libutee.a(trace_ext.o)
                                          0x2 (size before relaxing)
 .rodata.str1.1.lib/libutee/user_ta_entry.c
                0x000000000001072f       0x4f /home/build/bsp/optee_os/out/arm-plat-k3/export-ta_arm64/lib/libutee.a(user_ta_entry.o)
 .rodata.lib/libutee/user_ta_entry.c
                0x000000000001077e       0x16 /home/build/bsp/optee_os/out/arm-plat-k3/export-ta_arm64/lib/libutee.a(user_ta_entry.o)
 .rodata.str1.1.lib/libutee/abort.c
                0x0000000000010794        0x7 /home/build/bsp/optee_os/out/arm-plat-k3/export-ta_arm64/lib/libutee.a(abort.o)
 .rodata.str1.1.lib/libutee/tee_api.c
                0x000000000001079b       0x11 /home/build/bsp/optee_os/out/arm-plat-k3/export-ta_arm64/lib/libutee.a(tee_api.o)
 .rodata.str1.1.lib/libutee/tee_api_arith_mpi.c
                0x00000000000107ac       0xc9 /home/build/bsp/optee_os/out/arm-plat-k3/export-ta_arm64/lib/libutee.a(tee_api_arith_mpi.o)
 .rodata.lib/libutee/tee_api_arith_mpi.c
                0x0000000000010875      0x14e /home/build/bsp/optee_os/out/arm-plat-k3/export-ta_arm64/lib/libutee.a(tee_api_arith_mpi.o)
 .rodata.str1.1.lib/libutee/tee_api_property.c
                0x00000000000109c3       0x80 /home/build/bsp/optee_os/out/arm-plat-k3/export-ta_arm64/lib/libutee.a(tee_api_property.o)
                                         0x88 (size before relaxing)
 .rodata.str1.1.lib/libutee/tee_system_pta.c
                0x0000000000010a43       0x55 /home/build/bsp/optee_os/out/arm-plat-k3/export-ta_arm64/lib/libutee.a(tee_system_pta.o)
 .rodata.str1.1.lib/libutee/tcb.c
                0x0000000000010a98       0x8d /home/build/bsp/optee_os/out/arm-plat-k3/export-ta_arm64/lib/libutee.a(tcb.o)
 .rodata.lib/libutee/tcb.c
                0x0000000000010b25       0x20 /home/build/bsp/optee_os/out/arm-plat-k3/export-ta_arm64/lib/libutee.a(tcb.o)
 .rodata.str1.1.lib/libutee/assert.c
                0x0000000000010b45       0x27 /home/build/bsp/optee_os/out/arm-plat-k3/export-ta_arm64/lib/libutee.a(assert.o)
 .rodata.str1.1.lib/libmbedtls/mbedtls/library/bignum.c
                0x0000000000010b6c      0x456 /home/build/bsp/optee_os/out/arm-plat-k3/export-ta_arm64/lib/libmbedtls.a(bignum.o)
                                        0x45d (size before relaxing)
 .rodata.str1.1.lib/libutils/isoc/bget_malloc.c
                0x0000000000010fc2      0x2b9 /home/build/bsp/optee_os/out/arm-plat-k3/export-ta_arm64/lib/libutils.a(bget_malloc.o)
                                        0x2c2 (size before relaxing)
 .rodata.lib/libutils/isoc/bget_malloc.c
                0x000000000001127b       0x58 /home/build/bsp/optee_os/out/arm-plat-k3/export-ta_arm64/lib/libutils.a(bget_malloc.o)
 .rodata.str1.1.lib/libutils/ext/mempool.c
                0x00000000000112d3       0x89 /home/build/bsp/optee_os/out/arm-plat-k3/export-ta_arm64/lib/libutils.a(mempool.o)
 .rodata.lib/libutils/ext/mempool.c
                0x000000000001135c       0x2c /home/build/bsp/optee_os/out/arm-plat-k3/export-ta_arm64/lib/libutils.a(mempool.o)

.gnu.version_d  0x0000000000011388        0x0
 .gnu.version_d
                0x0000000000011388        0x0 ./test_performance_ta.o

.gnu.version    0x0000000000011388        0x0
 .gnu.version   0x0000000000011388        0x0 ./test_performance_ta.o

.gnu.version_r  0x0000000000011388        0x0
 .gnu.version_r
                0x0000000000011388        0x0 ./test_performance_ta.o

.gnu.hash       0x0000000000011388       0x34
 .gnu.hash      0x0000000000011388       0x34 ./test_performance_ta.o

.ta_head        0x00000000000113c0       0x20
 .ta_head       0x00000000000113c0       0x20 ./user_ta_header.o
                0x00000000000113c0                ta_head

.ARM.extab
 *(SORT_BY_ALIGNMENT(.ARM.extab*) SORT_BY_ALIGNMENT(.gnu.linkonce.armextab.*))
                [!provide]                        PROVIDE (__exidx_start = .)

.ARM.exidx
 *(SORT_BY_ALIGNMENT(.ARM.exidx*) SORT_BY_ALIGNMENT(.gnu.linkonce.armexidx.*))
                [!provide]                        PROVIDE (__exidx_end = .)

.ctors
 *(SORT_BY_ALIGNMENT(.ctors))

.dtors
 *(SORT_BY_ALIGNMENT(.dtors))

.dynsym         0x00000000000113e0       0xa8
 *(SORT_BY_ALIGNMENT(.dynsym))
 .dynsym        0x00000000000113e0       0xa8 ./test_performance_ta.o

.dynstr         0x0000000000011488       0x36
 *(SORT_BY_ALIGNMENT(.dynstr))
 .dynstr        0x0000000000011488       0x36 ./test_performance_ta.o

.hash           0x00000000000114c0       0x30
 *(SORT_BY_ALIGNMENT(.hash))
 .hash          0x00000000000114c0       0x30 ./test_performance_ta.o

.rela.dyn       0x00000000000114f0      0x348
 .rela.data.rel.ro
                0x00000000000114f0        0x0 ./test_performance_ta.o
 .rela.ifunc    0x00000000000114f0        0x0 ./test_performance_ta.o
 .rela.data.rel.ro.local
                0x00000000000114f0      0x2d0 ./test_performance_ta.o
 .rela.data.rel.local
                0x00000000000117c0       0x60 ./test_performance_ta.o
 .rela.data.rel
                0x0000000000011820       0x18 ./test_performance_ta.o
                0x0000000000012000                . = ALIGN (0x1000)

.dynamic        0x0000000000012000      0x110
 *(SORT_BY_ALIGNMENT(.dynamic))
 .dynamic       0x0000000000012000      0x110 ./test_performance_ta.o
                0x0000000000012000                _DYNAMIC

.tdata
 *(SORT_BY_ALIGNMENT(.tdata) SORT_BY_ALIGNMENT(.tdata.*) SORT_BY_ALIGNMENT(.gnu.linkonce.td.*))

.tbss
 *(SORT_BY_ALIGNMENT(.tbss) SORT_BY_ALIGNMENT(.tbss.*) SORT_BY_ALIGNMENT(.gnu.linkonce.tb.*))
 *(SORT_BY_ALIGNMENT(.tcommon))

.got            0x0000000000012110       0xd0
 *(SORT_BY_ALIGNMENT(.got.plt))
 .got.plt       0x0000000000012110       0x18 ./test_performance_ta.o
 *(SORT_BY_ALIGNMENT(.got))
 .got           0x0000000000012128       0xb8 ./test_performance_ta.o
                0x0000000000012128                _GLOBAL_OFFSET_TABLE_

.rel.text
 *(SORT_BY_ALIGNMENT(.rel.text))
 *(SORT_BY_ALIGNMENT(.rel.gnu.linkonce.t*))

.rela.text
 *(SORT_BY_ALIGNMENT(.rela.text))
 *(SORT_BY_ALIGNMENT(.rela.gnu.linkonce.t*))

.rel.data
 *(SORT_BY_ALIGNMENT(.rel.data))
 *(SORT_BY_ALIGNMENT(.rel.gnu.linkonce.d*))

.rela.data
 *(SORT_BY_ALIGNMENT(.rela.data))
 *(SORT_BY_ALIGNMENT(.rela.gnu.linkonce.d*))

.rel.tdata
 *(SORT_BY_ALIGNMENT(.rel.tdata) SORT_BY_ALIGNMENT(.rel.tdata.*) SORT_BY_ALIGNMENT(.rel.gnu.linkonce.td.*))

.rela.tdata
 *(SORT_BY_ALIGNMENT(.rela.tdata) SORT_BY_ALIGNMENT(.rela.tdata.*) SORT_BY_ALIGNMENT(.rela.gnu.linkonce.td.*))

.rel.tbss
 *(SORT_BY_ALIGNMENT(.rel.tbss) SORT_BY_ALIGNMENT(.rel.tbss.*) SORT_BY_ALIGNMENT(.rel.gnu.linkonce.tb.*))

.rela.tbss
 *(SORT_BY_ALIGNMENT(.rela.tbss) SORT_BY_ALIGNMENT(.rela.tbss.*) SORT_BY_ALIGNMENT(.rela.gnu.linkonce.tb.*))

.rel.rodata
 *(SORT_BY_ALIGNMENT(.rel.rodata))
 *(SORT_BY_ALIGNMENT(.rel.gnu.linkonce.r*))

.rela.rodata
 *(SORT_BY_ALIGNMENT(.rela.rodata))
 *(SORT_BY_ALIGNMENT(.rela.gnu.linkonce.r*))

.rel.dyn
 *(SORT_BY_ALIGNMENT(.rel.dyn))

.rel.got
 *(SORT_BY_ALIGNMENT(.rel.got))

.rela.got       0x00000000000121e0      0x210
 *(SORT_BY_ALIGNMENT(.rela.got))
 .rela.got      0x00000000000121e0      0x210 ./test_performance_ta.o

.rel.ctors
 *(SORT_BY_ALIGNMENT(.rel.ctors))

.rela.ctors
 *(SORT_BY_ALIGNMENT(.rela.ctors))

.rel.dtors
 *(SORT_BY_ALIGNMENT(.rel.dtors))

.rela.dtors
 *(SORT_BY_ALIGNMENT(.rela.dtors))

.rel.init
 *(SORT_BY_ALIGNMENT(.rel.init))

.rela.init
 *(SORT_BY_ALIGNMENT(.rela.init))

.rel.fini
 *(SORT_BY_ALIGNMENT(.rel.fini))

.rela.fini
 *(SORT_BY_ALIGNMENT(.rela.fini))

.rel.bss
 *(SORT_BY_ALIGNMENT(.rel.bss))

.rela.bss       0x00000000000123f0        0x0
 *(SORT_BY_ALIGNMENT(.rela.bss))
 .rela.bss      0x00000000000123f0        0x0 ./test_performance_ta.o

.rel.plt
 *(SORT_BY_ALIGNMENT(.rel.plt))

.rela.plt       0x00000000000123f0        0x0
 *(SORT_BY_ALIGNMENT(.rela.plt))
 .rela.plt      0x00000000000123f0        0x0 ./test_performance_ta.o

.data           0x00000000000123f0      0x21c
 *(SORT_BY_ALIGNMENT(.data) SORT_BY_ALIGNMENT(.data.*) SORT_BY_ALIGNMENT(.gnu.linkonce.d.*))
 .data.rel.ro.local
                0x00000000000123f0      0x108 ./user_ta_header.o
                0x00000000000123f0                ta_props
 .data          0x00000000000124f8        0x8 /home/build/bsp/optee_os/out/arm-plat-k3/export-ta_arm64/lib/libutils.a(stack_check.o)
                0x00000000000124f8                __stack_chk_guard
 .data.rel.local
                0x0000000000012500       0x20 /home/build/bsp/optee_os/out/arm-plat-k3/export-ta_arm64/lib/libutee.a(user_ta_entry.o)
 .data.rel.ro.local
                0x0000000000012520       0x60 /home/build/bsp/optee_os/out/arm-plat-k3/export-ta_arm64/lib/libutee.a(tee_api_property.o)
                0x0000000000012520                tee_props
 .data.rel      0x0000000000012580        0x8 /home/build/bsp/optee_os/out/arm-plat-k3/export-ta_arm64/lib/libmbedtls.a(platform_util.o)
 .data.rel.local
                0x0000000000012588       0x80 /home/build/bsp/optee_os/out/arm-plat-k3/export-ta_arm64/lib/libutils.a(bget_malloc.o)
 .data          0x0000000000012608        0x4 ./user_ta_header.o
                0x0000000000012608                trace_level
 .data          0x000000000001260c        0x0 ./test_performance_ta.o
 .data.rel.ro   0x000000000001260c        0x0 ./test_performance_ta.o
 .data          0x000000000001260c        0x0 /home/build/bsp/optee_os/out/arm-plat-k3/export-ta_arm64/lib/libutils.a(trace.o)
 .data          0x000000000001260c        0x0 /home/build/bsp/optee_os/out/arm-plat-k3/export-ta_arm64/lib/libutils.a(memcpy.o)
 .data          0x000000000001260c        0x0 /home/build/bsp/optee_os/out/arm-plat-k3/export-ta_arm64/lib/libutils.a(snprintk.o)
 .data          0x000000000001260c        0x0 /home/build/bsp/optee_os/out/arm-plat-k3/export-ta_arm64/lib/libutils.a(memchr.o)
 .data          0x000000000001260c        0x0 /home/build/bsp/optee_os/out/arm-plat-k3/export-ta_arm64/lib/libutils.a(strlen.o)
 .data          0x000000000001260c        0x0 /home/build/bsp/optee_os/out/arm-plat-k3/export-ta_arm64/lib/libutee.a(trace_ext.o)
 .data          0x000000000001260c        0x0 /home/build/bsp/optee_os/out/arm-plat-k3/export-ta_arm64/lib/libutee.a(user_ta_entry.o)
 .data          0x000000000001260c        0x0 /home/build/bsp/optee_os/out/arm-plat-k3/export-ta_arm64/lib/libutee.a(user_ta_entry_compat.o)
 .data          0x000000000001260c        0x0 /home/build/bsp/optee_os/out/arm-plat-k3/export-ta_arm64/lib/libutee.a(utee_syscalls_a64.o)
 .data          0x000000000001260c        0x0 /home/build/bsp/optee_os/out/arm-plat-k3/export-ta_arm64/lib/libutee.a(abort.o)
 .data          0x000000000001260c        0x0 /home/build/bsp/optee_os/out/arm-plat-k3/export-ta_arm64/lib/libutee.a(tee_api.o)
 .data          0x000000000001260c        0x0 /home/build/bsp/optee_os/out/arm-plat-k3/export-ta_arm64/lib/libutee.a(tee_api_arith_mpi.o)
 .data          0x000000000001260c        0x0 /home/build/bsp/optee_os/out/arm-plat-k3/export-ta_arm64/lib/libutee.a(tee_api_panic.o)
 .data          0x000000000001260c        0x0 /home/build/bsp/optee_os/out/arm-plat-k3/export-ta_arm64/lib/libutee.a(tee_api_property.o)
 .data          0x000000000001260c        0x0 /home/build/bsp/optee_os/out/arm-plat-k3/export-ta_arm64/lib/libutee.a(tee_system_pta.o)
 .data          0x000000000001260c        0x0 /home/build/bsp/optee_os/out/arm-plat-k3/export-ta_arm64/lib/libutee.a(tcb.o)
 .data          0x000000000001260c        0x0 /home/build/bsp/optee_os/out/arm-plat-k3/export-ta_arm64/lib/libutee.a(assert.o)
 .data          0x000000000001260c        0x0 /home/build/bsp/optee_os/out/arm-plat-k3/export-ta_arm64/lib/libutee.a(base64.o)
 .data          0x000000000001260c        0x0 /home/build/bsp/optee_os/out/arm-plat-k3/export-ta_arm64/lib/libmbedtls.a(bignum.o)
 .data          0x000000000001260c        0x0 /home/build/bsp/optee_os/out/arm-plat-k3/export-ta_arm64/lib/libmbedtls.a(bignum_core.o)
 .data          0x000000000001260c        0x0 /home/build/bsp/optee_os/out/arm-plat-k3/export-ta_arm64/lib/libmbedtls.a(constant_time.o)
 .data          0x000000000001260c        0x0 /home/build/bsp/optee_os/out/arm-plat-k3/export-ta_arm64/lib/libmbedtls.a(platform_util.o)
 .data          0x000000000001260c        0x0 /home/build/bsp/optee_os/out/arm-plat-k3/export-ta_arm64/lib/libutils.a(bget_malloc.o)
 .data          0x000000000001260c        0x0 /home/build/bsp/optee_os/out/arm-plat-k3/export-ta_arm64/lib/libutils.a(snprintf.o)
 .data          0x000000000001260c        0x0 /home/build/bsp/optee_os/out/arm-plat-k3/export-ta_arm64/lib/libutils.a(memmove.o)
 .data          0x000000000001260c        0x0 /home/build/bsp/optee_os/out/arm-plat-k3/export-ta_arm64/lib/libutils.a(memset.o)
 .data          0x000000000001260c        0x0 /home/build/bsp/optee_os/out/arm-plat-k3/export-ta_arm64/lib/libutils.a(strcmp.o)
 .data          0x000000000001260c        0x0 /home/build/bsp/optee_os/out/arm-plat-k3/export-ta_arm64/lib/libutils.a(strlcpy.o)
 .data          0x000000000001260c        0x0 /home/build/bsp/optee_os/out/arm-plat-k3/export-ta_arm64/lib/libutils.a(mempool.o)
 .data          0x000000000001260c        0x0 /home/build/bsp/optee_os/out/arm-plat-k3/export-ta_arm64/lib/libutils.a(consttime_memcmp.o)

.bss            0x0000000000012610     0xb8a0
 *(SORT_BY_ALIGNMENT(.bss) SORT_BY_ALIGNMENT(.bss.*) SORT_BY_ALIGNMENT(.gnu.linkonce.b.*) SORT_BY_ALIGNMENT(COMMON))
 .bss           0x0000000000012610       0x6c /home/build/bsp/optee_os/out/arm-plat-k3/export-ta_arm64/lib/libutee.a(user_ta_entry.o)
                0x0000000000012620                __elf_phdr_info
                0x0000000000012630                __ta_no_share_malloc_ctx
                0x0000000000012638                ta_params
                0x0000000000012678                ta_param_types
 *fill*         0x000000000001267c        0x4 
 .bss           0x0000000000012680       0x10 /home/build/bsp/optee_os/out/arm-plat-k3/export-ta_arm64/lib/libutee.a(tee_api.o)
 .bss           0x0000000000012690     0x3800 /home/build/bsp/optee_os/out/arm-plat-k3/export-ta_arm64/lib/libutee.a(tee_api_arith_mpi.o)
 .bss           0x0000000000015e90        0x8 /home/build/bsp/optee_os/out/arm-plat-k3/export-ta_arm64/lib/libutee.a(tee_system_pta.o)
 .bss           0x0000000000015e98       0x10 /home/build/bsp/optee_os/out/arm-plat-k3/export-ta_arm64/lib/libutee.a(tcb.o)
 .bss           0x0000000000015ea8        0x8 /home/build/bsp/optee_os/out/arm-plat-k3/export-ta_arm64/lib/libmbedtls.a(bignum.o)
                0x0000000000015ea8                mbedtls_mpi_mempool
 .bss           0x0000000000015eb0        0x0 ./test_performance_ta.o
 .bss           0x0000000000015eb0     0x8000 ./user_ta_header.o
                0x0000000000015eb0                ta_heap
                0x0000000000015eb0                __ta_no_share_heap
 .bss           0x000000000001deb0        0x0 /home/build/bsp/optee_os/out/arm-plat-k3/export-ta_arm64/lib/libutils.a(trace.o)
 .bss           0x000000000001deb0        0x0 /home/build/bsp/optee_os/out/arm-plat-k3/export-ta_arm64/lib/libutils.a(stack_check.o)
 .bss           0x000000000001deb0        0x0 /home/build/bsp/optee_os/out/arm-plat-k3/export-ta_arm64/lib/libutils.a(memcpy.o)
 .bss           0x000000000001deb0        0x0 /home/build/bsp/optee_os/out/arm-plat-k3/export-ta_arm64/lib/libutils.a(snprintk.o)
 .bss           0x000000000001deb0        0x0 /home/build/bsp/optee_os/out/arm-plat-k3/export-ta_arm64/lib/libutils.a(memchr.o)
 .bss           0x000000000001deb0        0x0 /home/build/bsp/optee_os/out/arm-plat-k3/export-ta_arm64/lib/libutils.a(strlen.o)
 .bss           0x000000000001deb0        0x0 /home/build/bsp/optee_os/out/arm-plat-k3/export-ta_arm64/lib/libutee.a(trace_ext.o)
 .bss           0x000000000001deb0        0x0 /home/build/bsp/optee_os/out/arm-plat-k3/export-ta_arm64/lib/libutee.a(user_ta_entry_compat.o)
 .bss           0x000000000001deb0        0x0 /home/build/bsp/optee_os/out/arm-plat-k3/export-ta_arm64/lib/libutee.a(utee_syscalls_a64.o)
 .bss           0x000000000001deb0        0x0 /home/build/bsp/optee_os/out/arm-plat-k3/export-ta_arm64/lib/libutee.a(abort.o)
 .bss           0x000000000001deb0        0x0 /home/build/bsp/optee_os/out/arm-plat-k3/export-ta_arm64/lib/libutee.a(tee_api_panic.o)
 .bss           0x000000000001deb0        0x0 /home/build/bsp/optee_os/out/arm-plat-k3/export-ta_arm64/lib/libutee.a(tee_api_property.o)
 .bss           0x000000000001deb0        0x0 /home/build/bsp/optee_os/out/arm-plat-k3/export-ta_arm64/lib/libutee.a(assert.o)
 .bss           0x000000000001deb0        0x0 /home/build/bsp/optee_os/out/arm-plat-k3/export-ta_arm64/lib/libutee.a(base64.o)
 .bss           0x000000000001deb0        0x0 /home/build/bsp/optee_os/out/arm-plat-k3/export-ta_arm64/lib/libmbedtls.a(bignum_core.o)
 .bss           0x000000000001deb0        0x0 /home/build/bsp/optee_os/out/arm-plat-k3/export-ta_arm64/lib/libmbedtls.a(constant_time.o)
 .bss           0x000000000001deb0        0x0 /home/build/bsp/optee_os/out/arm-plat-k3/export-ta_arm64/lib/libmbedtls.a(platform_util.o)
 .bss           0x000000000001deb0        0x0 /home/build/bsp/optee_os/out/arm-plat-k3/export-ta_arm64/lib/libutils.a(bget_malloc.o)
 .bss           0x000000000001deb0        0x0 /home/build/bsp/optee_os/out/arm-plat-k3/export-ta_arm64/lib/libutils.a(snprintf.o)
 .bss           0x000000000001deb0        0x0 /home/build/bsp/optee_os/out/arm-plat-k3/export-ta_arm64/lib/libutils.a(memmove.o)
 .bss           0x000000000001deb0        0x0 /home/build/bsp/optee_os/out/arm-plat-k3/export-ta_arm64/lib/libutils.a(memset.o)
 .bss           0x000000000001deb0        0x0 /home/build/bsp/optee_os/out/arm-plat-k3/export-ta_arm64/lib/libutils.a(strcmp.o)
 .bss           0x000000000001deb0        0x0 /home/build/bsp/optee_os/out/arm-plat-k3/export-ta_arm64/lib/libutils.a(strlcpy.o)
 .bss           0x000000000001deb0        0x0 /home/build/bsp/optee_os/out/arm-plat-k3/export-ta_arm64/lib/libutils.a(mempool.o)
 .bss           0x000000000001deb0        0x0 /home/build/bsp/optee_os/out/arm-plat-k3/export-ta_arm64/lib/libutils.a(consttime_memcmp.o)
                0x000000000001deb0                . = ALIGN (0x8)
                0x000000000001deb0                __ftrace_buf_start = .
                0x000000000001deb0                . = (. + DEFINED (_mcount)?0x800:0x0)
                0x000000000001deb0                __ftrace_buf_end = .

.dynbss         0x000000000001deb0        0x0
 .dynbss        0x000000000001deb0        0x0 ./test_performance_ta.o

/DISCARD/
 *(SORT_BY_ALIGNMENT(.interp))
LOAD ./test_performance_ta.o
LOAD ./user_ta_header.o
START GROUP
LOAD /home/build/bsp/optee_os/out/arm-plat-k3/export-ta_arm64/lib/libutils.a
LOAD /home/build/bsp/optee_os/out/arm-plat-k3/export-ta_arm64/lib/libutee.a
LOAD /home/build/bsp/optee_os/out/arm-plat-k3/export-ta_arm64/lib/libmbedtls.a
LOAD /home/build/bsp/optee_os/out/arm-plat-k3/export-ta_arm64/lib/libdl.a
END GROUP
LOAD /opt/cross-compile/arm-gnu-toolchain-11.3.rel1-x86_64-aarch64-none-linux-gnu/bin/../lib/gcc/aarch64-none-linux-gnu/11.3.1/libgcc.a
LOAD /home/build/bsp/optee_os/out/arm-plat-k3/export-ta_arm64/lib/libutils.a
OUTPUT(67f7d1a5-dba8-48bc-9e79-79aa289e7d74.elf elf64-littleaarch64)
LOAD linker stubs

.debug_info     0x0000000000000000    0x1bb13
 .debug_info    0x0000000000000000      0x708 ./test_performance_ta.o
 .debug_info    0x0000000000000708      0x795 ./user_ta_header.o
 .debug_info    0x0000000000000e9d      0x711 /home/build/bsp/optee_os/out/arm-plat-k3/export-ta_arm64/lib/libutils.a(trace.o)
 .debug_info    0x00000000000015ae      0x144 /home/build/bsp/optee_os/out/arm-plat-k3/export-ta_arm64/lib/libutils.a(stack_check.o)
 .debug_info    0x00000000000016f2      0x130 /home/build/bsp/optee_os/out/arm-plat-k3/export-ta_arm64/lib/libutils.a(memcpy.o)
 .debug_info    0x0000000000001822      0x961 /home/build/bsp/optee_os/out/arm-plat-k3/export-ta_arm64/lib/libutils.a(snprintk.o)
 .debug_info    0x0000000000002183       0xff /home/build/bsp/optee_os/out/arm-plat-k3/export-ta_arm64/lib/libutils.a(memchr.o)
 .debug_info    0x0000000000002282       0xbf /home/build/bsp/optee_os/out/arm-plat-k3/export-ta_arm64/lib/libutils.a(strlen.o)
 .debug_info    0x0000000000002341      0x3d8 /home/build/bsp/optee_os/out/arm-plat-k3/export-ta_arm64/lib/libutee.a(trace_ext.o)
 .debug_info    0x0000000000002719     0x16ba /home/build/bsp/optee_os/out/arm-plat-k3/export-ta_arm64/lib/libutee.a(user_ta_entry.o)
 .debug_info    0x0000000000003dd3      0x4d2 /home/build/bsp/optee_os/out/arm-plat-k3/export-ta_arm64/lib/libutee.a(user_ta_entry_compat.o)
 .debug_info    0x00000000000042a5       0x23 /home/build/bsp/optee_os/out/arm-plat-k3/export-ta_arm64/lib/libutee.a(utee_syscalls_a64.o)
 .debug_info    0x00000000000042c8       0xf1 /home/build/bsp/optee_os/out/arm-plat-k3/export-ta_arm64/lib/libutee.a(abort.o)
 .debug_info    0x00000000000043b9     0x2759 /home/build/bsp/optee_os/out/arm-plat-k3/export-ta_arm64/lib/libutee.a(tee_api.o)
 .debug_info    0x0000000000006b12     0x520a /home/build/bsp/optee_os/out/arm-plat-k3/export-ta_arm64/lib/libutee.a(tee_api_arith_mpi.o)
 .debug_info    0x000000000000bd1c      0xa4c /home/build/bsp/optee_os/out/arm-plat-k3/export-ta_arm64/lib/libutee.a(tee_api_panic.o)
 .debug_info    0x000000000000c768     0x1946 /home/build/bsp/optee_os/out/arm-plat-k3/export-ta_arm64/lib/libutee.a(tee_api_property.o)
 .debug_info    0x000000000000e0ae      0x7fa /home/build/bsp/optee_os/out/arm-plat-k3/export-ta_arm64/lib/libutee.a(tee_system_pta.o)
 .debug_info    0x000000000000e8a8      0x8af /home/build/bsp/optee_os/out/arm-plat-k3/export-ta_arm64/lib/libutee.a(tcb.o)
 .debug_info    0x000000000000f157      0x1b5 /home/build/bsp/optee_os/out/arm-plat-k3/export-ta_arm64/lib/libutee.a(assert.o)
 .debug_info    0x000000000000f30c      0x339 /home/build/bsp/optee_os/out/arm-plat-k3/export-ta_arm64/lib/libutee.a(base64.o)
 .debug_info    0x000000000000f645     0x57b0 /home/build/bsp/optee_os/out/arm-plat-k3/export-ta_arm64/lib/libmbedtls.a(bignum.o)
 .debug_info    0x0000000000014df5     0x20b9 /home/build/bsp/optee_os/out/arm-plat-k3/export-ta_arm64/lib/libmbedtls.a(bignum_core.o)
 .debug_info    0x0000000000016eae     0x1084 /home/build/bsp/optee_os/out/arm-plat-k3/export-ta_arm64/lib/libmbedtls.a(constant_time.o)
 .debug_info    0x0000000000017f32      0x4c2 /home/build/bsp/optee_os/out/arm-plat-k3/export-ta_arm64/lib/libmbedtls.a(platform_util.o)
 .debug_info    0x00000000000183f4     0x2875 /home/build/bsp/optee_os/out/arm-plat-k3/export-ta_arm64/lib/libutils.a(bget_malloc.o)
 .debug_info    0x000000000001ac69      0x2a0 /home/build/bsp/optee_os/out/arm-plat-k3/export-ta_arm64/lib/libutils.a(snprintf.o)
 .debug_info    0x000000000001af09       0xfb /home/build/bsp/optee_os/out/arm-plat-k3/export-ta_arm64/lib/libutils.a(memmove.o)
 .debug_info    0x000000000001b004       0xd3 /home/build/bsp/optee_os/out/arm-plat-k3/export-ta_arm64/lib/libutils.a(memset.o)
 .debug_info    0x000000000001b0d7       0xb4 /home/build/bsp/optee_os/out/arm-plat-k3/export-ta_arm64/lib/libutils.a(strcmp.o)
 .debug_info    0x000000000001b18b      0x123 /home/build/bsp/optee_os/out/arm-plat-k3/export-ta_arm64/lib/libutils.a(strlcpy.o)
 .debug_info    0x000000000001b2ae      0x733 /home/build/bsp/optee_os/out/arm-plat-k3/export-ta_arm64/lib/libutils.a(mempool.o)
 .debug_info    0x000000000001b9e1      0x132 /home/build/bsp/optee_os/out/arm-plat-k3/export-ta_arm64/lib/libutils.a(consttime_memcmp.o)

.debug_abbrev   0x0000000000000000     0x493e
 .debug_abbrev  0x0000000000000000      0x1ed ./test_performance_ta.o
 .debug_abbrev  0x00000000000001ed      0x280 ./user_ta_header.o
 .debug_abbrev  0x000000000000046d      0x2bf /home/build/bsp/optee_os/out/arm-plat-k3/export-ta_arm64/lib/libutils.a(trace.o)
 .debug_abbrev  0x000000000000072c       0xb2 /home/build/bsp/optee_os/out/arm-plat-k3/export-ta_arm64/lib/libutils.a(stack_check.o)
 .debug_abbrev  0x00000000000007de       0xbb /home/build/bsp/optee_os/out/arm-plat-k3/export-ta_arm64/lib/libutils.a(memcpy.o)
 .debug_abbrev  0x0000000000000899      0x300 /home/build/bsp/optee_os/out/arm-plat-k3/export-ta_arm64/lib/libutils.a(snprintk.o)
 .debug_abbrev  0x0000000000000b99       0xb4 /home/build/bsp/optee_os/out/arm-plat-k3/export-ta_arm64/lib/libutils.a(memchr.o)
 .debug_abbrev  0x0000000000000c4d       0x85 /home/build/bsp/optee_os/out/arm-plat-k3/export-ta_arm64/lib/libutils.a(strlen.o)
 .debug_abbrev  0x0000000000000cd2      0x1c4 /home/build/bsp/optee_os/out/arm-plat-k3/export-ta_arm64/lib/libutee.a(trace_ext.o)
 .debug_abbrev  0x0000000000000e96      0x5aa /home/build/bsp/optee_os/out/arm-plat-k3/export-ta_arm64/lib/libutee.a(user_ta_entry.o)
 .debug_abbrev  0x0000000000001440      0x1a4 /home/build/bsp/optee_os/out/arm-plat-k3/export-ta_arm64/lib/libutee.a(user_ta_entry_compat.o)
 .debug_abbrev  0x00000000000015e4       0x12 /home/build/bsp/optee_os/out/arm-plat-k3/export-ta_arm64/lib/libutee.a(utee_syscalls_a64.o)
 .debug_abbrev  0x00000000000015f6       0x94 /home/build/bsp/optee_os/out/arm-plat-k3/export-ta_arm64/lib/libutee.a(abort.o)
 .debug_abbrev  0x000000000000168a      0x558 /home/build/bsp/optee_os/out/arm-plat-k3/export-ta_arm64/lib/libutee.a(tee_api.o)
 .debug_abbrev  0x0000000000001be2      0x541 /home/build/bsp/optee_os/out/arm-plat-k3/export-ta_arm64/lib/libutee.a(tee_api_arith_mpi.o)
 .debug_abbrev  0x0000000000002123      0x21c /home/build/bsp/optee_os/out/arm-plat-k3/export-ta_arm64/lib/libutee.a(tee_api_panic.o)
 .debug_abbrev  0x000000000000233f      0x343 /home/build/bsp/optee_os/out/arm-plat-k3/export-ta_arm64/lib/libutee.a(tee_api_property.o)
 .debug_abbrev  0x0000000000002682      0x29f /home/build/bsp/optee_os/out/arm-plat-k3/export-ta_arm64/lib/libutee.a(tee_system_pta.o)
 .debug_abbrev  0x0000000000002921      0x2cf /home/build/bsp/optee_os/out/arm-plat-k3/export-ta_arm64/lib/libutee.a(tcb.o)
 .debug_abbrev  0x0000000000002bf0       0xbd /home/build/bsp/optee_os/out/arm-plat-k3/export-ta_arm64/lib/libutee.a(assert.o)
 .debug_abbrev  0x0000000000002cad      0x1a4 /home/build/bsp/optee_os/out/arm-plat-k3/export-ta_arm64/lib/libutee.a(base64.o)
 .debug_abbrev  0x0000000000002e51      0x5a3 /home/build/bsp/optee_os/out/arm-plat-k3/export-ta_arm64/lib/libmbedtls.a(bignum.o)
 .debug_abbrev  0x00000000000033f4      0x47c /home/build/bsp/optee_os/out/arm-plat-k3/export-ta_arm64/lib/libmbedtls.a(bignum_core.o)
 .debug_abbrev  0x0000000000003870      0x398 /home/build/bsp/optee_os/out/arm-plat-k3/export-ta_arm64/lib/libmbedtls.a(constant_time.o)
 .debug_abbrev  0x0000000000003c08      0x18a /home/build/bsp/optee_os/out/arm-plat-k3/export-ta_arm64/lib/libmbedtls.a(platform_util.o)
 .debug_abbrev  0x0000000000003d92      0x48f /home/build/bsp/optee_os/out/arm-plat-k3/export-ta_arm64/lib/libutils.a(bget_malloc.o)
 .debug_abbrev  0x0000000000004221      0x155 /home/build/bsp/optee_os/out/arm-plat-k3/export-ta_arm64/lib/libutils.a(snprintf.o)
 .debug_abbrev  0x0000000000004376       0xa6 /home/build/bsp/optee_os/out/arm-plat-k3/export-ta_arm64/lib/libutils.a(memmove.o)
 .debug_abbrev  0x000000000000441c       0xa3 /home/build/bsp/optee_os/out/arm-plat-k3/export-ta_arm64/lib/libutils.a(memset.o)
 .debug_abbrev  0x00000000000044bf       0x6f /home/build/bsp/optee_os/out/arm-plat-k3/export-ta_arm64/lib/libutils.a(strcmp.o)
 .debug_abbrev  0x000000000000452e       0xa5 /home/build/bsp/optee_os/out/arm-plat-k3/export-ta_arm64/lib/libutils.a(strlcpy.o)
 .debug_abbrev  0x00000000000045d3      0x2a9 /home/build/bsp/optee_os/out/arm-plat-k3/export-ta_arm64/lib/libutils.a(mempool.o)
 .debug_abbrev  0x000000000000487c       0xc2 /home/build/bsp/optee_os/out/arm-plat-k3/export-ta_arm64/lib/libutils.a(consttime_memcmp.o)

.debug_loclists
                0x0000000000000000     0xfdb0
 .debug_loclists
                0x0000000000000000      0x1c7 ./test_performance_ta.o
 .debug_loclists
                0x00000000000001c7      0x151 ./user_ta_header.o
 .debug_loclists
                0x0000000000000318      0x2a5 /home/build/bsp/optee_os/out/arm-plat-k3/export-ta_arm64/lib/libutils.a(trace.o)
 .debug_loclists
                0x00000000000005bd      0x2e5 /home/build/bsp/optee_os/out/arm-plat-k3/export-ta_arm64/lib/libutils.a(memcpy.o)
 .debug_loclists
                0x00000000000008a2     0x16ab /home/build/bsp/optee_os/out/arm-plat-k3/export-ta_arm64/lib/libutils.a(snprintk.o)
 .debug_loclists
                0x0000000000001f4d       0x65 /home/build/bsp/optee_os/out/arm-plat-k3/export-ta_arm64/lib/libutils.a(memchr.o)
 .debug_loclists
                0x0000000000001fb2       0x34 /home/build/bsp/optee_os/out/arm-plat-k3/export-ta_arm64/lib/libutils.a(strlen.o)
 .debug_loclists
                0x0000000000001fe6       0xae /home/build/bsp/optee_os/out/arm-plat-k3/export-ta_arm64/lib/libutee.a(trace_ext.o)
 .debug_loclists
                0x0000000000002094      0x614 /home/build/bsp/optee_os/out/arm-plat-k3/export-ta_arm64/lib/libutee.a(user_ta_entry.o)
 .debug_loclists
                0x00000000000026a8      0x1cb /home/build/bsp/optee_os/out/arm-plat-k3/export-ta_arm64/lib/libutee.a(user_ta_entry_compat.o)
 .debug_loclists
                0x0000000000002873     0x115c /home/build/bsp/optee_os/out/arm-plat-k3/export-ta_arm64/lib/libutee.a(tee_api.o)
 .debug_loclists
                0x00000000000039cf     0x1f38 /home/build/bsp/optee_os/out/arm-plat-k3/export-ta_arm64/lib/libutee.a(tee_api_arith_mpi.o)
 .debug_loclists
                0x0000000000005907      0x533 /home/build/bsp/optee_os/out/arm-plat-k3/export-ta_arm64/lib/libutee.a(tee_api_panic.o)
 .debug_loclists
                0x0000000000005e3a      0xc18 /home/build/bsp/optee_os/out/arm-plat-k3/export-ta_arm64/lib/libutee.a(tee_api_property.o)
 .debug_loclists
                0x0000000000006a52      0x32b /home/build/bsp/optee_os/out/arm-plat-k3/export-ta_arm64/lib/libutee.a(tee_system_pta.o)
 .debug_loclists
                0x0000000000006d7d      0x29d /home/build/bsp/optee_os/out/arm-plat-k3/export-ta_arm64/lib/libutee.a(tcb.o)
 .debug_loclists
                0x000000000000701a       0x71 /home/build/bsp/optee_os/out/arm-plat-k3/export-ta_arm64/lib/libutee.a(assert.o)
 .debug_loclists
                0x000000000000708b      0x2e3 /home/build/bsp/optee_os/out/arm-plat-k3/export-ta_arm64/lib/libutee.a(base64.o)
 .debug_loclists
                0x000000000000736e     0x36a7 /home/build/bsp/optee_os/out/arm-plat-k3/export-ta_arm64/lib/libmbedtls.a(bignum.o)
 .debug_loclists
                0x000000000000aa15     0x204a /home/build/bsp/optee_os/out/arm-plat-k3/export-ta_arm64/lib/libmbedtls.a(bignum_core.o)
 .debug_loclists
                0x000000000000ca5f      0xca5 /home/build/bsp/optee_os/out/arm-plat-k3/export-ta_arm64/lib/libmbedtls.a(constant_time.o)
 .debug_loclists
                0x000000000000d704      0x1d8 /home/build/bsp/optee_os/out/arm-plat-k3/export-ta_arm64/lib/libmbedtls.a(platform_util.o)
 .debug_loclists
                0x000000000000d8dc     0x1dc4 /home/build/bsp/optee_os/out/arm-plat-k3/export-ta_arm64/lib/libutils.a(bget_malloc.o)
 .debug_loclists
                0x000000000000f6a0       0xd0 /home/build/bsp/optee_os/out/arm-plat-k3/export-ta_arm64/lib/libutils.a(snprintf.o)
 .debug_loclists
                0x000000000000f770      0x179 /home/build/bsp/optee_os/out/arm-plat-k3/export-ta_arm64/lib/libutils.a(memmove.o)
 .debug_loclists
                0x000000000000f8e9       0x67 /home/build/bsp/optee_os/out/arm-plat-k3/export-ta_arm64/lib/libutils.a(memset.o)
 .debug_loclists
                0x000000000000f950       0x50 /home/build/bsp/optee_os/out/arm-plat-k3/export-ta_arm64/lib/libutils.a(strcmp.o)
 .debug_loclists
                0x000000000000f9a0       0x9e /home/build/bsp/optee_os/out/arm-plat-k3/export-ta_arm64/lib/libutils.a(strlcpy.o)
 .debug_loclists
                0x000000000000fa3e      0x2a7 /home/build/bsp/optee_os/out/arm-plat-k3/export-ta_arm64/lib/libutils.a(mempool.o)
 .debug_loclists
                0x000000000000fce5       0xcb /home/build/bsp/optee_os/out/arm-plat-k3/export-ta_arm64/lib/libutils.a(consttime_memcmp.o)

.debug_aranges  0x0000000000000000      0x9b0
 .debug_aranges
                0x0000000000000000       0x30 ./test_performance_ta.o
 .debug_aranges
                0x0000000000000030       0x30 ./user_ta_header.o
 .debug_aranges
                0x0000000000000060       0x30 /home/build/bsp/optee_os/out/arm-plat-k3/export-ta_arm64/lib/libutils.a(trace.o)
 .debug_aranges
                0x0000000000000090       0x30 /home/build/bsp/optee_os/out/arm-plat-k3/export-ta_arm64/lib/libutils.a(stack_check.o)
 .debug_aranges
                0x00000000000000c0       0x30 /home/build/bsp/optee_os/out/arm-plat-k3/export-ta_arm64/lib/libutils.a(memcpy.o)
 .debug_aranges
                0x00000000000000f0       0x30 /home/build/bsp/optee_os/out/arm-plat-k3/export-ta_arm64/lib/libutils.a(snprintk.o)
 .debug_aranges
                0x0000000000000120       0x30 /home/build/bsp/optee_os/out/arm-plat-k3/export-ta_arm64/lib/libutils.a(memchr.o)
 .debug_aranges
                0x0000000000000150       0x30 /home/build/bsp/optee_os/out/arm-plat-k3/export-ta_arm64/lib/libutils.a(strlen.o)
 .debug_aranges
                0x0000000000000180       0x30 /home/build/bsp/optee_os/out/arm-plat-k3/export-ta_arm64/lib/libutee.a(trace_ext.o)
 .debug_aranges
                0x00000000000001b0       0x30 /home/build/bsp/optee_os/out/arm-plat-k3/export-ta_arm64/lib/libutee.a(user_ta_entry.o)
 .debug_aranges
                0x00000000000001e0       0x30 /home/build/bsp/optee_os/out/arm-plat-k3/export-ta_arm64/lib/libutee.a(user_ta_entry_compat.o)
 .debug_aranges
                0x0000000000000210      0x3b0 /home/build/bsp/optee_os/out/arm-plat-k3/export-ta_arm64/lib/libutee.a(utee_syscalls_a64.o)
 .debug_aranges
                0x00000000000005c0       0x30 /home/build/bsp/optee_os/out/arm-plat-k3/export-ta_arm64/lib/libutee.a(abort.o)
 .debug_aranges
                0x00000000000005f0       0x30 /home/build/bsp/optee_os/out/arm-plat-k3/export-ta_arm64/lib/libutee.a(tee_api.o)
 .debug_aranges
                0x0000000000000620       0x30 /home/build/bsp/optee_os/out/arm-plat-k3/export-ta_arm64/lib/libutee.a(tee_api_arith_mpi.o)
 .debug_aranges
                0x0000000000000650       0x30 /home/build/bsp/optee_os/out/arm-plat-k3/export-ta_arm64/lib/libutee.a(tee_api_panic.o)
 .debug_aranges
                0x0000000000000680       0x30 /home/build/bsp/optee_os/out/arm-plat-k3/export-ta_arm64/lib/libutee.a(tee_api_property.o)
 .debug_aranges
                0x00000000000006b0       0x30 /home/build/bsp/optee_os/out/arm-plat-k3/export-ta_arm64/lib/libutee.a(tee_system_pta.o)
 .debug_aranges
                0x00000000000006e0       0x30 /home/build/bsp/optee_os/out/arm-plat-k3/export-ta_arm64/lib/libutee.a(tcb.o)
 .debug_aranges
                0x0000000000000710       0x30 /home/build/bsp/optee_os/out/arm-plat-k3/export-ta_arm64/lib/libutee.a(assert.o)
 .debug_aranges
                0x0000000000000740       0x30 /home/build/bsp/optee_os/out/arm-plat-k3/export-ta_arm64/lib/libutee.a(base64.o)
 .debug_aranges
                0x0000000000000770       0x30 /home/build/bsp/optee_os/out/arm-plat-k3/export-ta_arm64/lib/libmbedtls.a(bignum.o)
 .debug_aranges
                0x00000000000007a0       0x30 /home/build/bsp/optee_os/out/arm-plat-k3/export-ta_arm64/lib/libmbedtls.a(bignum_core.o)
 .debug_aranges
                0x00000000000007d0       0x30 /home/build/bsp/optee_os/out/arm-plat-k3/export-ta_arm64/lib/libmbedtls.a(constant_time.o)
 .debug_aranges
                0x0000000000000800       0x30 /home/build/bsp/optee_os/out/arm-plat-k3/export-ta_arm64/lib/libmbedtls.a(platform_util.o)
 .debug_aranges
                0x0000000000000830       0x30 /home/build/bsp/optee_os/out/arm-plat-k3/export-ta_arm64/lib/libutils.a(bget_malloc.o)
 .debug_aranges
                0x0000000000000860       0x30 /home/build/bsp/optee_os/out/arm-plat-k3/export-ta_arm64/lib/libutils.a(snprintf.o)
 .debug_aranges
                0x0000000000000890       0x30 /home/build/bsp/optee_os/out/arm-plat-k3/export-ta_arm64/lib/libutils.a(memmove.o)
 .debug_aranges
                0x00000000000008c0       0x30 /home/build/bsp/optee_os/out/arm-plat-k3/export-ta_arm64/lib/libutils.a(memset.o)
 .debug_aranges
                0x00000000000008f0       0x30 /home/build/bsp/optee_os/out/arm-plat-k3/export-ta_arm64/lib/libutils.a(strcmp.o)
 .debug_aranges
                0x0000000000000920       0x30 /home/build/bsp/optee_os/out/arm-plat-k3/export-ta_arm64/lib/libutils.a(strlcpy.o)
 .debug_aranges
                0x0000000000000950       0x30 /home/build/bsp/optee_os/out/arm-plat-k3/export-ta_arm64/lib/libutils.a(mempool.o)
 .debug_aranges
                0x0000000000000980       0x30 /home/build/bsp/optee_os/out/arm-plat-k3/export-ta_arm64/lib/libutils.a(consttime_memcmp.o)

.debug_rnglists
                0x0000000000000000      0x9a9
 .debug_rnglists
                0x0000000000000000       0x27 ./test_performance_ta.o
 .debug_rnglists
                0x0000000000000027       0x17 ./user_ta_header.o
 .debug_rnglists
                0x000000000000003e       0x27 /home/build/bsp/optee_os/out/arm-plat-k3/export-ta_arm64/lib/libutils.a(trace.o)
 .debug_rnglists
                0x0000000000000065       0x17 /home/build/bsp/optee_os/out/arm-plat-k3/export-ta_arm64/lib/libutils.a(snprintk.o)
 .debug_rnglists
                0x000000000000007c       0x69 /home/build/bsp/optee_os/out/arm-plat-k3/export-ta_arm64/lib/libutee.a(user_ta_entry.o)
 .debug_rnglists
                0x00000000000000e5      0x247 /home/build/bsp/optee_os/out/arm-plat-k3/export-ta_arm64/lib/libutee.a(utee_syscalls_a64.o)
 .debug_rnglists
                0x000000000000032c       0x17 /home/build/bsp/optee_os/out/arm-plat-k3/export-ta_arm64/lib/libutee.a(abort.o)
 .debug_rnglists
                0x0000000000000343       0x74 /home/build/bsp/optee_os/out/arm-plat-k3/export-ta_arm64/lib/libutee.a(tee_api.o)
 .debug_rnglists
                0x00000000000003b7      0x14f /home/build/bsp/optee_os/out/arm-plat-k3/export-ta_arm64/lib/libutee.a(tee_api_arith_mpi.o)
 .debug_rnglists
                0x0000000000000506       0x3c /home/build/bsp/optee_os/out/arm-plat-k3/export-ta_arm64/lib/libutee.a(tee_api_panic.o)
 .debug_rnglists
                0x0000000000000542       0x2c /home/build/bsp/optee_os/out/arm-plat-k3/export-ta_arm64/lib/libutee.a(tee_api_property.o)
 .debug_rnglists
                0x000000000000056e       0x27 /home/build/bsp/optee_os/out/arm-plat-k3/export-ta_arm64/lib/libutee.a(tee_system_pta.o)
 .debug_rnglists
                0x0000000000000595       0x37 /home/build/bsp/optee_os/out/arm-plat-k3/export-ta_arm64/lib/libutee.a(base64.o)
 .debug_rnglists
                0x00000000000005cc       0xb1 /home/build/bsp/optee_os/out/arm-plat-k3/export-ta_arm64/lib/libmbedtls.a(bignum.o)
 .debug_rnglists
                0x000000000000067d      0x177 /home/build/bsp/optee_os/out/arm-plat-k3/export-ta_arm64/lib/libmbedtls.a(bignum_core.o)
 .debug_rnglists
                0x00000000000007f4       0xb4 /home/build/bsp/optee_os/out/arm-plat-k3/export-ta_arm64/lib/libmbedtls.a(constant_time.o)
 .debug_rnglists
                0x00000000000008a8       0xe5 /home/build/bsp/optee_os/out/arm-plat-k3/export-ta_arm64/lib/libutils.a(bget_malloc.o)
 .debug_rnglists
                0x000000000000098d       0x1c /home/build/bsp/optee_os/out/arm-plat-k3/export-ta_arm64/lib/libutils.a(mempool.o)

.debug_macro    0x0000000000000000    0x1ad4c
 .debug_macro   0x0000000000000000       0xd9 ./test_performance_ta.o
 .debug_macro   0x00000000000000d9      0x9f4 ./test_performance_ta.o
 .debug_macro   0x0000000000000acd      0x119 ./test_performance_ta.o
 .debug_macro   0x0000000000000be6      0x174 ./test_performance_ta.o
 .debug_macro   0x0000000000000d5a      0xceb ./test_performance_ta.o
 .debug_macro   0x0000000000001a45       0x7c ./test_performance_ta.o
 .debug_macro   0x0000000000001ac1      0x1a0 ./test_performance_ta.o
 .debug_macro   0x0000000000001c61       0xc4 ./test_performance_ta.o
 .debug_macro   0x0000000000001d25       0x22 ./test_performance_ta.o
 .debug_macro   0x0000000000001d47       0x35 ./test_performance_ta.o
 .debug_macro   0x0000000000001d7c       0x58 ./test_performance_ta.o
 .debug_macro   0x0000000000001dd4       0x34 ./test_performance_ta.o
 .debug_macro   0x0000000000001e08       0x79 ./test_performance_ta.o
 .debug_macro   0x0000000000001e81      0x184 ./test_performance_ta.o
 .debug_macro   0x0000000000002005       0xf7 ./test_performance_ta.o
 .debug_macro   0x00000000000020fc       0x1c ./test_performance_ta.o
 .debug_macro   0x0000000000002118      0x1a7 ./user_ta_header.o
 .debug_macro   0x00000000000022bf      0x9f4 ./user_ta_header.o
 .debug_macro   0x0000000000002cb3       0x2e ./user_ta_header.o
 .debug_macro   0x0000000000002ce1       0x64 ./user_ta_header.o
 .debug_macro   0x0000000000002d45       0x2e ./user_ta_header.o
 .debug_macro   0x0000000000002d73       0x33 ./user_ta_header.o
 .debug_macro   0x0000000000002da6       0xf0 ./user_ta_header.o
 .debug_macro   0x0000000000002e96       0x88 ./user_ta_header.o
 .debug_macro   0x0000000000002f1e       0x2e ./user_ta_header.o
 .debug_macro   0x0000000000002f4c       0xd9 /home/build/bsp/optee_os/out/arm-plat-k3/export-ta_arm64/lib/libutils.a(trace.o)
 .debug_macro   0x0000000000003025      0x9b8 /home/build/bsp/optee_os/out/arm-plat-k3/export-ta_arm64/lib/libutils.a(trace.o)
 .debug_macro   0x00000000000039dd      0x61c /home/build/bsp/optee_os/out/arm-plat-k3/export-ta_arm64/lib/libutils.a(trace.o)
 .debug_macro   0x0000000000003ff9       0x16 /home/build/bsp/optee_os/out/arm-plat-k3/export-ta_arm64/lib/libutils.a(trace.o)
 .debug_macro   0x000000000000400f      0x119 /home/build/bsp/optee_os/out/arm-plat-k3/export-ta_arm64/lib/libutils.a(trace.o)
 .debug_macro   0x0000000000004128       0x79 /home/build/bsp/optee_os/out/arm-plat-k3/export-ta_arm64/lib/libutils.a(trace.o)
 .debug_macro   0x00000000000041a1       0xb5 /home/build/bsp/optee_os/out/arm-plat-k3/export-ta_arm64/lib/libutils.a(stack_check.o)
 .debug_macro   0x0000000000004256      0x9b8 /home/build/bsp/optee_os/out/arm-plat-k3/export-ta_arm64/lib/libutils.a(stack_check.o)
 .debug_macro   0x0000000000004c0e      0xcf1 /home/build/bsp/optee_os/out/arm-plat-k3/export-ta_arm64/lib/libutils.a(stack_check.o)
 .debug_macro   0x00000000000058ff       0x57 /home/build/bsp/optee_os/out/arm-plat-k3/export-ta_arm64/lib/libutils.a(memcpy.o)
 .debug_macro   0x0000000000005956      0x9b2 /home/build/bsp/optee_os/out/arm-plat-k3/export-ta_arm64/lib/libutils.a(memcpy.o)
 .debug_macro   0x0000000000006308       0x7c /home/build/bsp/optee_os/out/arm-plat-k3/export-ta_arm64/lib/libutils.a(memcpy.o)
 .debug_macro   0x0000000000006384      0x13d /home/build/bsp/optee_os/out/arm-plat-k3/export-ta_arm64/lib/libutils.a(snprintk.o)
 .debug_macro   0x00000000000064c1      0x9b8 /home/build/bsp/optee_os/out/arm-plat-k3/export-ta_arm64/lib/libutils.a(snprintk.o)
 .debug_macro   0x0000000000006e79       0x66 /home/build/bsp/optee_os/out/arm-plat-k3/export-ta_arm64/lib/libutils.a(memchr.o)
 .debug_macro   0x0000000000006edf      0x9b8 /home/build/bsp/optee_os/out/arm-plat-k3/export-ta_arm64/lib/libutils.a(memchr.o)
 .debug_macro   0x0000000000007897       0x5a /home/build/bsp/optee_os/out/arm-plat-k3/export-ta_arm64/lib/libutils.a(strlen.o)
 .debug_macro   0x00000000000078f1      0x9b8 /home/build/bsp/optee_os/out/arm-plat-k3/export-ta_arm64/lib/libutils.a(strlen.o)
 .debug_macro   0x00000000000082a9       0xf1 /home/build/bsp/optee_os/out/arm-plat-k3/export-ta_arm64/lib/libutee.a(trace_ext.o)
 .debug_macro   0x000000000000839a      0x9b8 /home/build/bsp/optee_os/out/arm-plat-k3/export-ta_arm64/lib/libutee.a(trace_ext.o)
 .debug_macro   0x0000000000008d52       0xea /home/build/bsp/optee_os/out/arm-plat-k3/export-ta_arm64/lib/libutee.a(trace_ext.o)
 .debug_macro   0x0000000000008e3c      0x21e /home/build/bsp/optee_os/out/arm-plat-k3/export-ta_arm64/lib/libutee.a(user_ta_entry.o)
 .debug_macro   0x000000000000905a      0x9b8 /home/build/bsp/optee_os/out/arm-plat-k3/export-ta_arm64/lib/libutee.a(user_ta_entry.o)
 .debug_macro   0x0000000000009a12     0x1610 /home/build/bsp/optee_os/out/arm-plat-k3/export-ta_arm64/lib/libutee.a(user_ta_entry.o)
 .debug_macro   0x000000000000b022       0x5f /home/build/bsp/optee_os/out/arm-plat-k3/export-ta_arm64/lib/libutee.a(user_ta_entry.o)
 .debug_macro   0x000000000000b081       0x1c /home/build/bsp/optee_os/out/arm-plat-k3/export-ta_arm64/lib/libutee.a(user_ta_entry.o)
 .debug_macro   0x000000000000b09d       0x1c /home/build/bsp/optee_os/out/arm-plat-k3/export-ta_arm64/lib/libutee.a(user_ta_entry.o)
 .debug_macro   0x000000000000b0b9      0x2e9 /home/build/bsp/optee_os/out/arm-plat-k3/export-ta_arm64/lib/libutee.a(user_ta_entry.o)
 .debug_macro   0x000000000000b3a2       0x28 /home/build/bsp/optee_os/out/arm-plat-k3/export-ta_arm64/lib/libutee.a(user_ta_entry.o)
 .debug_macro   0x000000000000b3ca       0x8e /home/build/bsp/optee_os/out/arm-plat-k3/export-ta_arm64/lib/libutee.a(user_ta_entry.o)
 .debug_macro   0x000000000000b458       0xb3 /home/build/bsp/optee_os/out/arm-plat-k3/export-ta_arm64/lib/libutee.a(user_ta_entry_compat.o)
 .debug_macro   0x000000000000b50b      0x9b8 /home/build/bsp/optee_os/out/arm-plat-k3/export-ta_arm64/lib/libutee.a(user_ta_entry_compat.o)
 .debug_macro   0x000000000000bec3      0x14c /home/build/bsp/optee_os/out/arm-plat-k3/export-ta_arm64/lib/libutee.a(abort.o)
 .debug_macro   0x000000000000c00f      0x9b8 /home/build/bsp/optee_os/out/arm-plat-k3/export-ta_arm64/lib/libutee.a(abort.o)
 .debug_macro   0x000000000000c9c7      0x1b8 /home/build/bsp/optee_os/out/arm-plat-k3/export-ta_arm64/lib/libutee.a(tee_api.o)
 .debug_macro   0x000000000000cb7f      0x9b8 /home/build/bsp/optee_os/out/arm-plat-k3/export-ta_arm64/lib/libutee.a(tee_api.o)
 .debug_macro   0x000000000000d537      0x1e6 /home/build/bsp/optee_os/out/arm-plat-k3/export-ta_arm64/lib/libutee.a(tee_api_arith_mpi.o)
 .debug_macro   0x000000000000d71d      0x9be /home/build/bsp/optee_os/out/arm-plat-k3/export-ta_arm64/lib/libutee.a(tee_api_arith_mpi.o)
 .debug_macro   0x000000000000e0db       0x10 /home/build/bsp/optee_os/out/arm-plat-k3/export-ta_arm64/lib/libutee.a(tee_api_arith_mpi.o)
 .debug_macro   0x000000000000e0eb       0x2e /home/build/bsp/optee_os/out/arm-plat-k3/export-ta_arm64/lib/libutee.a(tee_api_arith_mpi.o)
 .debug_macro   0x000000000000e119      0x13c /home/build/bsp/optee_os/out/arm-plat-k3/export-ta_arm64/lib/libutee.a(tee_api_arith_mpi.o)
 .debug_macro   0x000000000000e255       0x27 /home/build/bsp/optee_os/out/arm-plat-k3/export-ta_arm64/lib/libutee.a(tee_api_arith_mpi.o)